[2026-10-08 07:06:35] 開始：6 回
[2026-10-08 07:06:35] 1/6 synthetic_F2_D1：MAP 探索（出発点 30）
[2026-10-08 07:14:51] 1/6 synthetic_F2_D1：NUTS
[2026-10-08 07:36:57] 1/6 synthetic_F2_D1：終了（終了コード 0）
[2026-10-08 07:36:57] 2/6 real_F2_D1：MAP 探索（出発点 30）
[2026-10-08 07:45:23] 2/6 real_F2_D1：NUTS
[2026-10-08 08:10:35] 2/6 real_F2_D1：終了（終了コード 0）
[2026-10-08 08:10:35] 3/6 real_F2_D0：MAP 探索（出発点 20）
[2026-10-08 08:11:47] 3/6 real_F2_D0：NUTS
[2026-10-08 08:27:40] 3/6 real_F2_D0：終了（終了コード 0）
[2026-10-08 08:27:40] 4/6 real_F1_D1：MAP 探索（出発点 30）
[2026-10-08 08:32:49] 4/6 real_F1_D1：NUTS
[2026-10-08 08:53:08] 4/6 real_F1_D1：終了（終了コード 0）
[2026-10-08 08:53:08] 5/6 real_F3_D1：MAP 探索（出発点 30）
[2026-10-08 09:01:56] 5/6 real_F3_D1：NUTS
[2026-10-08 09:28:57] 5/6 real_F3_D1：終了（終了コード 0）
[2026-10-08 09:28:57] 6/6 real_F4_D1：MAP 探索（出発点 30）
[2026-10-08 09:31:31] 6/6 real_F4_D1：NUTS
[2026-10-08 10:04:53] 6/6 real_F4_D1：終了（終了コード 0）
[2026-10-08 10:04:55] まとめ（s2_report.py）終了（終了コード 1）。すべて完了
