[19:51:15] 出発点 1/40：負の対数事後確率 -476.41（経過 50 秒）
[19:51:43] 出発点 2/40：負の対数事後確率 -472.06（経過 77 秒）
[19:52:29] 出発点 3/40：負の対数事後確率 -476.80（経過 124 秒）
[19:52:58] 出発点 4/40：負の対数事後確率 -472.61（経過 152 秒）
[19:53:39] 出発点 5/40：負の対数事後確率 -473.15（経過 194 秒）
[19:54:13] 出発点 6/40：負の対数事後確率 -476.52（経過 228 秒）
[19:54:50] 出発点 7/40：負の対数事後確率 -476.67（経過 264 秒）
[19:55:25] 出発点 8/40：負の対数事後確率 -475.36（経過 300 秒）
[19:55:28] 出発点 9/40：負の対数事後確率 47828.91（経過 303 秒）
[19:56:06] 出発点 10/40：負の対数事後確率 -475.90（経過 340 秒）
[19:56:35] 出発点 11/40：負の対数事後確率 -473.08（経過 370 秒）
[19:57:08] 出発点 12/40：負の対数事後確率 -474.43（経過 403 秒）
[19:57:13] 出発点 13/40：負の対数事後確率 108550.33（経過 408 秒）
[19:57:50] 出発点 14/40：負の対数事後確率 -476.74（経過 444 秒）
[19:58:20] 出発点 15/40：負の対数事後確率 -471.98（経過 475 秒）
[19:58:39] 出発点 16/40：負の対数事後確率 -471.98（経過 494 秒）
[19:58:59] 出発点 17/40：負の対数事後確率 -476.73（経過 513 秒）
[19:59:32] 出発点 18/40：負の対数事後確率 -473.74（経過 547 秒）
[20:00:10] 出発点 19/40：負の対数事後確率 -472.46（経過 585 秒）
[20:00:50] 出発点 20/40：負の対数事後確率 -474.76（経過 625 秒）
[20:01:30] 出発点 21/40：負の対数事後確率 -476.00（経過 665 秒）
[20:01:49] 出発点 22/40：負の対数事後確率 -472.47（経過 683 秒）
[20:02:22] 出発点 23/40：負の対数事後確率 -472.47（経過 717 秒）
[20:02:26] 出発点 24/40：負の対数事後確率 555951.65（経過 721 秒）
[20:02:57] 出発点 25/40：負の対数事後確率 -476.80（経過 751 秒）
[20:03:18] 出発点 26/40：負の対数事後確率 -476.45（経過 773 秒）
[20:03:42] 出発点 27/40：負の対数事後確率 -471.46（経過 796 秒）
[20:04:00] 出発点 28/40：負の対数事後確率 -472.56（経過 815 秒）
[20:04:39] 出発点 29/40：負の対数事後確率 -476.78（経過 853 秒）
[20:04:56] 出発点 30/40：負の対数事後確率 -472.30（経過 871 秒）
[20:05:39] 出発点 31/40：負の対数事後確率 -474.09（経過 914 秒）
[20:05:54] 出発点 32/40：負の対数事後確率 -476.84（経過 929 秒）
[20:06:09] 出発点 33/40：負の対数事後確率 -470.29（経過 944 秒）
[20:06:32] 出発点 34/40：負の対数事後確率 -472.84（経過 967 秒）
[20:07:10] 出発点 35/40：負の対数事後確率 -475.30（経過 1005 秒）
[20:07:39] 出発点 36/40：負の対数事後確率 -472.64（経過 1033 秒）
[20:08:14] 出発点 37/40：負の対数事後確率 -476.55（経過 1068 秒）
[20:08:44] 出発点 38/40：負の対数事後確率 -476.25（経過 1098 秒）
[20:09:23] 出発点 39/40：負の対数事後確率 -475.73（経過 1138 秒）
[20:09:50] 出発点 40/40：負の対数事後確率 -476.73（経過 1165 秒）
山の数 29（出発点 40 個から）
  高さの差    0.00、たどり着いた回数   3：22-23 IZ +0.0525, ZI -0.0055, ZX +0.0069, ZZ -0.0504  142-143 IX +0.0303, IZ +0.0052, ZI -0.0061, ZX -0.0049, ZZ -0.0065
  高さの差    0.03、たどり着いた回数   1：22-23 IX +0.0001, IZ +0.0523, ZI -0.0056, ZX +0.0068, ZZ -0.0502  142-143 IX +0.0304, IZ +0.0124, ZI -0.0063, ZX -0.0050, ZZ -0.0137
  高さの差    0.06、たどり着いた回数   3：22-23 IZ +0.0508, ZI -0.0055, ZX +0.0068, ZZ -0.0488  142-143 IX +0.0304, IZ +0.0094, ZI -0.0062, ZX -0.0049, ZZ -0.0107
  高さの差    0.11、たどり着いた回数   2：22-23 IZ +0.0517, ZI -0.0055, ZX +0.0069, ZZ -0.0496  142-143 IX +0.0304, IZ +0.0156, ZI -0.0064, ZX -0.0050, ZZ -0.0169
  高さの差    0.31、たどり着いた回数   2：22-23 IX +0.0003, IZ +0.0490, ZI -0.0057, ZX +0.0065, ZZ -0.0469  142-143 IX +0.0303, IZ +0.0058, ZI -0.0061, ZX -0.0048, ZZ -0.0071
書き出し: C:\Users\yoshi\quantum\experiments\a5_trotter_noise\results\s2\real_F3s_D1_pos_modes.json、_map_init.npz
