[09:21:39] 出発点 1/40：負の対数事後確率 -639.69（経過 13 秒）
[09:21:56] 出発点 2/40：負の対数事後確率 -640.92（経過 31 秒）
[09:22:17] 出発点 3/40：負の対数事後確率 -640.37（経過 51 秒）
[09:22:33] 出発点 4/40：負の対数事後確率 -640.95（経過 67 秒）
[09:22:51] 出発点 5/40：負の対数事後確率 -640.08（経過 85 秒）
[09:23:26] 出発点 6/40：負の対数事後確率 -630.19（経過 120 秒）
[09:23:45] 出発点 7/40：負の対数事後確率 -640.91（経過 139 秒）
[09:23:58] 出発点 8/40：負の対数事後確率 -640.04（経過 152 秒）
[09:24:13] 出発点 9/40：負の対数事後確率 -640.49（経過 167 秒）
[09:24:30] 出発点 10/40：負の対数事後確率 -640.94（経過 185 秒）
[09:24:51] 出発点 11/40：負の対数事後確率 -639.81（経過 206 秒）
[09:25:10] 出発点 12/40：負の対数事後確率 -640.91（経過 224 秒）
[09:25:24] 出発点 13/40：負の対数事後確率 -639.76（経過 238 秒）
[09:25:40] 出発点 14/40：負の対数事後確率 -640.65（経過 254 秒）
[09:25:56] 出発点 15/40：負の対数事後確率 -639.79（経過 270 秒）
[09:26:09] 出発点 16/40：負の対数事後確率 -640.67（経過 283 秒）
[09:26:22] 出発点 17/40：負の対数事後確率 -639.71（経過 296 秒）
[09:26:42] 出発点 18/40：負の対数事後確率 -640.60（経過 316 秒）
[09:27:00] 出発点 19/40：負の対数事後確率 -640.50（経過 335 秒）
[09:27:22] 出発点 20/40：負の対数事後確率 -640.67（経過 357 秒）
[09:27:49] 出発点 21/40：負の対数事後確率 -640.44（経過 383 秒）
[09:28:16] 出発点 22/40：負の対数事後確率 -640.93（経過 410 秒）
[09:28:33] 出発点 23/40：負の対数事後確率 -639.84（経過 427 秒）
[09:29:00] 出発点 24/40：負の対数事後確率 -629.99（経過 454 秒）
[09:29:19] 出発点 25/40：負の対数事後確率 -639.52（経過 473 秒）
[09:29:31] 出発点 26/40：負の対数事後確率 -639.57（経過 485 秒）
[09:29:52] 出発点 27/40：負の対数事後確率 -640.05（経過 506 秒）
[09:30:04] 出発点 28/40：負の対数事後確率 -640.52（経過 519 秒）
[09:30:08] 出発点 29/40：負の対数事後確率 46970.92（経過 522 秒）
[09:30:29] 出発点 30/40：負の対数事後確率 -640.10（経過 543 秒）
[09:30:48] 出発点 31/40：負の対数事後確率 -640.67（経過 562 秒）
[09:31:16] 出発点 32/40：負の対数事後確率 -640.60（経過 590 秒）
[09:31:31] 出発点 33/40：負の対数事後確率 -639.46（経過 605 秒）
[09:31:49] 出発点 34/40：負の対数事後確率 -639.99（経過 624 秒）
[09:32:09] 出発点 35/40：負の対数事後確率 -640.08（経過 644 秒）
[09:32:25] 出発点 36/40：負の対数事後確率 -640.63（経過 660 秒）
[09:32:35] 出発点 37/40：負の対数事後確率 -639.73（経過 670 秒）
[09:32:55] 出発点 38/40：負の対数事後確率 -640.52（経過 689 秒）
[09:33:10] 出発点 39/40：負の対数事後確率 -640.70（経過 705 秒）
[09:33:24] 出発点 40/40：負の対数事後確率 -629.86（経過 718 秒）
山の数 21（出発点 40 個から）
  高さの差    0.00、たどり着いた回数   3：22-23 IX -0.0017, IY -0.0140, IZ -0.0565, ZI -0.0072, ZX +0.0086, ZY +0.0166, ZZ +0.0585  142-143 IX +0.0210, IY -0.0163, IZ +0.0291, ZI -0.0043, ZX +0.0043, ZY +0.0136, ZZ -0.0288
  高さの差    0.01、たどり着いた回数   3：22-23 IX -0.0017, IY -0.0140, IZ -0.0566, ZI -0.0072, ZX +0.0086, ZY +0.0166, ZZ +0.0586  142-143 IX +0.0213, IY -0.0159, IZ +0.0264, ZI -0.0043, ZX +0.0040, ZY +0.0132, ZZ -0.0260
  高さの差    0.04、たどり着いた回数   3：22-23 IX -0.0017, IY -0.0139, IZ -0.0560, ZI -0.0072, ZX +0.0086, ZY +0.0167, ZZ +0.0581  142-143 IX +0.0204, IY -0.0170, IZ +0.0341, ZI -0.0042, ZX +0.0050, ZY +0.0144, ZZ -0.0338
  高さの差    0.27、たどり着いた回数   2：22-23 IX -0.0017, IY -0.0140, IZ -0.0562, ZI -0.0072, ZX +0.0086, ZY +0.0166, ZZ +0.0582  142-143 IX +0.0211, IY -0.0159, IZ -0.0217, ZI -0.0039, ZX +0.0042, ZY +0.0131, ZZ +0.0221
  高さの差    0.28、たどり着いた回数   3：22-23 IX -0.0017, IY -0.0140, IZ -0.0566, ZI -0.0072, ZX +0.0086, ZY +0.0166, ZZ +0.0587  142-143 IX +0.0202, IY -0.0169, IZ -0.0299, ZI -0.0038, ZX +0.0051, ZY +0.0142, ZZ +0.0303
書き出し: C:\Users\yoshi\quantum\experiments\a5_trotter_noise\results\s2\real_F5_D1_modes.json、_map_init.npz
