[08:28:14] 出発点 1/30：負の対数事後確率 3422.96（経過 14 秒）
[08:28:19] 出発点 2/30：負の対数事後確率 3425.43（経過 19 秒）
[08:28:26] 出発点 3/30：負の対数事後確率 3421.86（経過 26 秒）
[08:28:37] 出発点 4/30：負の対数事後確率 3424.22（経過 37 秒）
[08:28:47] 出発点 5/30：負の対数事後確率 3421.85（経過 47 秒）
[08:28:53] 出発点 6/30：負の対数事後確率 3422.30（経過 53 秒）
[08:28:58] 出発点 7/30：負の対数事後確率 3421.88（経過 58 秒）
[08:29:05] 出発点 8/30：負の対数事後確率 3421.82（経過 65 秒）
[08:29:16] 出発点 9/30：負の対数事後確率 3423.04（経過 76 秒）
[08:29:25] 出発点 10/30：負の対数事後確率 3425.39（経過 84 秒）
[08:29:34] 出発点 11/30：負の対数事後確率 3422.96（経過 94 秒）
[08:29:45] 出発点 12/30：負の対数事後確率 3422.93（経過 104 秒）
[08:29:53] 出発点 13/30：負の対数事後確率 3423.32（経過 113 秒）
[08:30:01] 出発点 14/30：負の対数事後確率 3421.79（経過 121 秒）
[08:30:16] 出発点 15/30：負の対数事後確率 3422.90（経過 136 秒）
[08:30:24] 出発点 16/30：負の対数事後確率 3423.50（経過 144 秒）
[08:30:34] 出発点 17/30：負の対数事後確率 3422.69（経過 154 秒）
[08:30:40] 出発点 18/30：負の対数事後確率 3421.78（経過 160 秒）
[08:30:50] 出発点 19/30：負の対数事後確率 3421.71（経過 170 秒）
[08:31:03] 出発点 20/30：負の対数事後確率 3429.58（経過 183 秒）
[08:31:10] 出発点 21/30：負の対数事後確率 3421.88（経過 190 秒）
[08:31:20] 出発点 22/30：負の対数事後確率 3422.13（経過 200 秒）
[08:31:27] 出発点 23/30：負の対数事後確率 3421.89（経過 206 秒）
[08:31:31] 出発点 24/30：負の対数事後確率 3421.88（経過 211 秒）
[08:31:39] 出発点 25/30：負の対数事後確率 3422.09（経過 218 秒）
[08:31:54] 出発点 26/30：負の対数事後確率 3429.49（経過 234 秒）
[08:32:14] 出発点 27/30：負の対数事後確率 3429.59（経過 254 秒）
[08:32:21] 出発点 28/30：負の対数事後確率 3422.10（経過 261 秒）
[08:32:38] 出発点 29/30：負の対数事後確率 3429.79（経過 278 秒）
[08:32:47] 出発点 30/30：負の対数事後確率 3424.14（経過 287 秒）
山の数 7（出発点 30 個から）
  高さの差    0.00、たどり着いた回数  14：22-23 IZ +0.0020, ZI -0.0052  142-143 IZ -0.0032, ZI +0.0300
  高さの差    0.97、たどり着いた回数   5：22-23 IZ +0.0020, ZI -0.0089  142-143 IZ -0.0032, ZI +0.0302
  高さの差    1.18、たどり着いた回数   5：22-23 IZ +0.0020, ZI -0.0013  142-143 IZ -0.0032, ZI +0.0305
  高さの差    3.67、たどり着いた回数   2：22-23 IZ +0.0020, ZI -0.0052  142-143 IZ -0.0032, ZI +0.0033
  高さの差    7.78、たどり着いた回数   1：22-23 IZ +0.0020, ZI -0.0088  142-143 IZ -0.0032, ZI +0.0151
書き出し: C:\Users\yoshi\quantum\experiments\a5_trotter_noise\results\s2\real_F1_D1_modes.json、_map_init.npz
