[19:07:47] 出発点 1/60：負の対数事後確率 -407.64（経過 18 秒）
[19:08:01] 出発点 2/60：負の対数事後確率 -407.70（経過 32 秒）
[19:08:19] 出発点 3/60：負の対数事後確率 -407.69（経過 50 秒）
[19:08:42] 出発点 4/60：負の対数事後確率 -407.70（経過 73 秒）
[19:08:56] 出発点 5/60：負の対数事後確率 -407.68（経過 87 秒）
[19:09:15] 出発点 6/60：負の対数事後確率 -407.68（経過 106 秒）
[19:09:27] 出発点 7/60：負の対数事後確率 -407.64（経過 119 秒）
[19:09:42] 出発点 8/60：負の対数事後確率 -407.69（経過 133 秒）
[19:10:14] 出発点 9/60：負の対数事後確率 -407.63（経過 165 秒）
[19:10:38] 出発点 10/60：負の対数事後確率 -407.70（経過 189 秒）
[19:10:52] 出発点 11/60：負の対数事後確率 -407.14（経過 203 秒）
[19:11:08] 出発点 12/60：負の対数事後確率 -407.70（経過 219 秒）
[19:11:11] 出発点 13/60：負の対数事後確率 29280.23（経過 222 秒）
[19:11:33] 出発点 14/60：負の対数事後確率 -407.66（経過 244 秒）
[19:11:41] 出発点 15/60：負の対数事後確率 -407.70（経過 253 秒）
[19:12:06] 出発点 16/60：負の対数事後確率 -407.66（経過 277 秒）
[19:12:22] 出発点 17/60：負の対数事後確率 -407.69（経過 293 秒）
[19:12:34] 出発点 18/60：負の対数事後確率 -407.64（経過 305 秒）
[19:12:45] 出発点 19/60：負の対数事後確率 -407.70（経過 316 秒）
[19:13:02] 出発点 20/60：負の対数事後確率 -407.68（経過 333 秒）
[19:13:14] 出発点 21/60：負の対数事後確率 -407.69（経過 345 秒）
[19:13:26] 出発点 22/60：負の対数事後確率 -407.70（経過 357 秒）
[19:13:41] 出発点 23/60：負の対数事後確率 -407.70（経過 372 秒）
[19:13:43] 出発点 24/60：負の対数事後確率 71358.20（経過 375 秒）
[19:14:00] 出発点 25/60：負の対数事後確率 -407.69（経過 391 秒）
[19:14:16] 出発点 26/60：負の対数事後確率 -407.40（経過 408 秒）
[19:14:38] 出発点 27/60：負の対数事後確率 -407.64（経過 430 秒）
[19:14:47] 出発点 28/60：負の対数事後確率 -407.69（経過 438 秒）
[19:15:04] 出発点 29/60：負の対数事後確率 -407.70（経過 455 秒）
[19:15:25] 出発点 30/60：負の対数事後確率 -407.69（経過 476 秒）
[19:15:38] 出発点 31/60：負の対数事後確率 -407.67（経過 489 秒）
[19:15:56] 出発点 32/60：負の対数事後確率 -407.62（経過 507 秒）
[19:16:09] 出発点 33/60：負の対数事後確率 -407.70（経過 520 秒）
[19:16:30] 出発点 34/60：負の対数事後確率 -407.66（経過 542 秒）
[19:16:54] 出発点 35/60：負の対数事後確率 -407.48（経過 565 秒）
[19:17:07] 出発点 36/60：負の対数事後確率 -407.65（経過 578 秒）
[19:17:26] 出発点 37/60：負の対数事後確率 -407.68（経過 597 秒）
[19:17:37] 出発点 38/60：負の対数事後確率 -407.67（経過 608 秒）
[19:17:58] 出発点 39/60：負の対数事後確率 -407.64（経過 629 秒）
[19:18:22] 出発点 40/60：負の対数事後確率 -407.46（経過 654 秒）
[19:18:36] 出発点 41/60：負の対数事後確率 -407.68（経過 668 秒）
[19:18:57] 出発点 42/60：負の対数事後確率 -407.65（経過 688 秒）
[19:19:12] 出発点 43/60：負の対数事後確率 -407.69（経過 703 秒）
[19:19:15] 出発点 44/60：負の対数事後確率 64629.93（経過 706 秒）
[19:19:28] 出発点 45/60：負の対数事後確率 -407.60（経過 719 秒）
[19:19:38] 出発点 46/60：負の対数事後確率 -407.69（経過 729 秒）
[19:19:50] 出発点 47/60：負の対数事後確率 -407.56（経過 741 秒）
[19:20:19] 出発点 48/60：負の対数事後確率 -407.67（経過 770 秒）
[19:20:39] 出発点 49/60：負の対数事後確率 -407.69（経過 790 秒）
[19:20:52] 出発点 50/60：負の対数事後確率 -407.45（経過 804 秒）
[19:21:12] 出発点 51/60：負の対数事後確率 -407.67（経過 823 秒）
[19:21:29] 出発点 52/60：負の対数事後確率 -407.62（経過 840 秒）
[19:21:42] 出発点 53/60：負の対数事後確率 -407.70（経過 853 秒）
[19:21:54] 出発点 54/60：負の対数事後確率 -407.62（経過 866 秒）
[19:22:09] 出発点 55/60：負の対数事後確率 -407.67（経過 880 秒）
[19:22:26] 出発点 56/60：負の対数事後確率 -407.67（経過 897 秒）
[19:22:29] 出発点 57/60：負の対数事後確率 45109.32（経過 901 秒）
[19:22:47] 出発点 58/60：負の対数事後確率 -407.69（経過 919 秒）
[19:23:02] 出発点 59/60：負の対数事後確率 -407.64（経過 933 秒）
[19:23:13] 出発点 60/60：負の対数事後確率 -407.69（経過 945 秒）
山の数 5（出発点 60 個から）
  高さの差    0.00、たどり着いた回数  56：22-23 IX +0.0012, ZI -0.0054, ZX +0.0056  142-143 IX +0.0308, ZI -0.0066, ZX -0.0053
  高さの差 29687.93、たどり着いた回数   1：22-23 IX -0.0193, ZI +0.0414, ZX +0.0327  142-143 IX +0.0153, ZI +0.0081, ZX +0.0095
  高さの差 45517.02、たどり着いた回数   1：22-23 IX -0.0832, ZI -0.0688, ZX -0.0491  142-143 IX +0.0348, ZI +0.1022, ZX -0.0090
  高さの差 65037.63、たどり着いた回数   1：22-23 IX +0.0961, ZI +0.0432, ZX +0.0491  142-143 IX +0.0228, ZI -0.0018, ZX +0.0032
  高さの差 71765.90、たどり着いた回数   1：22-23 IX +0.0693, ZI +0.0198, ZX +0.0327  142-143 IX +0.0293, ZI +0.0029, ZX +0.0101
書き出し: C:\Users\yoshi\quantum\experiments\a5_trotter_noise\results\s2\real_F2_D1_modes.json、_map_init.npz
