[08:10:58] 出発点 1/20：負の対数事後確率 -48.47（経過 4 秒）
[08:11:00] 出発点 2/20：負の対数事後確率 -48.47（経過 7 秒）
[08:11:03] 出発点 3/20：負の対数事後確率 -48.47（経過 9 秒）
[08:11:05] 出発点 4/20：負の対数事後確率 -48.47（経過 12 秒）
[08:11:08] 出発点 5/20：負の対数事後確率 -48.47（経過 14 秒）
[08:11:10] 出発点 6/20：負の対数事後確率 -48.47（経過 17 秒）
[08:11:13] 出発点 7/20：負の対数事後確率 -48.47（経過 19 秒）
[08:11:16] 出発点 8/20：負の対数事後確率 -48.47（経過 22 秒）
[08:11:18] 出発点 9/20：負の対数事後確率 55579.03（経過 24 秒）
[08:11:20] 出発点 10/20：負の対数事後確率 -48.47（経過 27 秒）
[08:11:23] 出発点 11/20：負の対数事後確率 -48.47（経過 29 秒）
[08:11:25] 出発点 12/20：負の対数事後確率 -48.47（経過 32 秒）
[08:11:29] 出発点 13/20：負の対数事後確率 -48.47（経過 35 秒）
[08:11:31] 出発点 14/20：負の対数事後確率 -48.47（経過 37 秒）
[08:11:33] 出発点 15/20：負の対数事後確率 -48.47（経過 40 秒）
[08:11:36] 出発点 16/20：負の対数事後確率 -48.47（経過 42 秒）
[08:11:38] 出発点 17/20：負の対数事後確率 -48.47（経過 45 秒）
[08:11:41] 出発点 18/20：負の対数事後確率 -48.47（経過 48 秒）
[08:11:43] 出発点 19/20：負の対数事後確率 -48.47（経過 50 秒）
[08:11:46] 出発点 20/20：負の対数事後確率 -48.47（経過 52 秒）
山の数 2（出発点 20 個から）
  高さの差    0.00、たどり着いた回数  19：22-23 IX +0.0024, ZI -0.0065, ZX +0.0043  142-143 IX +0.0265, ZI -0.0039, ZX -0.0012
  高さの差 55627.51、たどり着いた回数   1：22-23 IX -0.0046, ZI +0.0420, ZX -0.0327  142-143 IX +0.0155, ZI +0.0153, ZX +0.0057
書き出し: C:\Users\yoshi\quantum\experiments\a5_trotter_noise\results\s2\real_F2_D0_modes.json、_map_init.npz
