[08:00:55] 出発点 1/30：負の対数事後確率 -470.92（経過 30 秒）
[08:01:15] 出発点 2/30：負の対数事後確率 -465.31（経過 51 秒）
[08:01:43] 出発点 3/30：負の対数事後確率 -470.48（経過 78 秒）
[08:02:10] 出発点 4/30：負の対数事後確率 -467.39（経過 105 秒）
[08:02:47] 出発点 5/30：負の対数事後確率 -465.83（経過 142 秒）
[08:03:23] 出発点 6/30：負の対数事後確率 -470.53（経過 179 秒）
[08:03:57] 出発点 7/30：負の対数事後確率 -470.97（経過 213 秒）
[08:04:35] 出発点 8/30：負の対数事後確率 -470.82（経過 250 秒）
[08:04:39] 出発点 9/30：負の対数事後確率 35243.63（経過 254 秒）
[08:05:16] 出発点 10/30：負の対数事後確率 -470.86（経過 292 秒）
[08:05:34] 出発点 11/30：負の対数事後確率 -466.22（経過 310 秒）
[08:06:12] 出発点 12/30：負の対数事後確率 -467.16（経過 347 秒）
[08:06:15] 出発点 13/30：負の対数事後確率 54046.84（経過 351 秒）
[08:06:35] 出発点 14/30：負の対数事後確率 -471.07（経過 370 秒）
[08:07:02] 出発点 15/30：負の対数事後確率 -465.26（経過 397 秒）
[08:07:28] 出発点 16/30：負の対数事後確率 -465.22（経過 423 秒）
[08:08:04] 出発点 17/30：負の対数事後確率 -471.12（経過 459 秒）
[08:08:22] 出発点 18/30：負の対数事後確率 -467.57（経過 477 秒）
[08:08:33] 出発点 19/30：負の対数事後確率 -465.42（経過 488 秒）
[08:09:10] 出発点 20/30：負の対数事後確率 -471.02（経過 526 秒）
[08:09:43] 出発点 21/30：負の対数事後確率 -470.44（経過 559 秒）
[08:10:07] 出発点 22/30：負の対数事後確率 -466.51（経過 582 秒）
[08:10:39] 出発点 23/30：負の対数事後確率 -465.86（経過 614 秒）
[08:10:43] 出発点 24/30：負の対数事後確率 502474.42（経過 618 秒）
[08:11:12] 出発点 25/30：負の対数事後確率 -471.00（経過 647 秒）
[08:11:41] 出発点 26/30：負の対数事後確率 -470.85（経過 676 秒）
[08:12:06] 出発点 27/30：負の対数事後確率 -464.38（経過 701 秒）
[08:12:27] 出発点 28/30：負の対数事後確率 -465.83（経過 723 秒）
[08:13:05] 出発点 29/30：負の対数事後確率 -470.55（経過 760 秒）
[08:13:25] 出発点 30/30：負の対数事後確率 -465.11（経過 781 秒）
山の数 22（出発点 30 個から）
  高さの差    0.00、たどり着いた回数   3：22-23 IZ +0.0556, ZI -0.0055, ZX +0.0070, ZZ -0.0535  142-143 IX +0.0304, IZ +0.0171, ZI -0.0064, ZX -0.0050, ZZ -0.0184
  高さの差    0.12、たどり着いた回数   2：22-23 IZ +0.0543, ZI -0.0055, ZX +0.0069, ZZ -0.0523  142-143 IX +0.0303, IZ +0.0098, ZI -0.0062, ZX -0.0049, ZZ -0.0111
  高さの差    0.15、たどり着いた回数   2：22-23 IZ +0.0571, ZI -0.0056, ZX +0.0069, ZZ -0.0551  142-143 IX +0.0305, IZ +0.0210, ZI -0.0066, ZX -0.0051, ZZ -0.0223
  高さの差    0.25、たどり着いた回数   1：22-23 IX -0.0003, IZ +0.0562, ZI -0.0053, ZX +0.0072, ZZ -0.0541  142-143 IX +0.0304, IZ -0.0115, ZI -0.0062, ZX -0.0050, ZZ +0.0102
  高さの差    0.27、たどり着いた回数   1：22-23 IZ +0.0522, ZI -0.0055, ZX +0.0068, ZZ -0.0502  142-143 IX +0.0305, IZ +0.0228, ZI -0.0067, ZX -0.0051, ZZ -0.0241
書き出し: C:\Users\yoshi\quantum\experiments\a5_trotter_noise\results\s2\real_F3s_D1_pos_w0.1_modes.json、_map_init.npz
