[11:31:31] 出発点 1/40：負の対数事後確率 -646.79（経過 32 秒）
[11:31:55] 出発点 2/40：負の対数事後確率 -647.57（経過 57 秒）
[11:32:26] 出発点 3/40：負の対数事後確率 -647.49（経過 88 秒）
[11:32:52] 出発点 4/40：負の対数事後確率 -647.55（経過 113 秒）
[11:33:18] 出発点 5/40：負の対数事後確率 -646.72（経過 140 秒）
[11:33:56] 出発点 6/40：負の対数事後確率 -638.77（経過 178 秒）
[11:34:16] 出発点 7/40：負の対数事後確率 -647.14（経過 198 秒）
[11:34:30] 出発点 8/40：負の対数事後確率 -646.63（経過 212 秒）
[11:34:42] 出発点 9/40：負の対数事後確率 -647.32（経過 224 秒）
[11:35:06] 出発点 10/40：負の対数事後確率 -647.57（経過 248 秒）
[11:35:25] 出発点 11/40：負の対数事後確率 -646.74（経過 266 秒）
[11:35:35] 出発点 12/40：負の対数事後確率 -647.61（経過 277 秒）
[11:35:55] 出発点 13/40：負の対数事後確率 -646.77（経過 297 秒）
[11:36:21] 出発点 14/40：負の対数事後確率 -647.48（経過 323 秒）
[11:36:38] 出発点 15/40：負の対数事後確率 -646.81（経過 339 秒）
[11:36:49] 出発点 16/40：負の対数事後確率 -647.36（経過 351 秒）
[11:37:06] 出発点 17/40：負の対数事後確率 -646.65（経過 368 秒）
[11:37:29] 出発点 18/40：負の対数事後確率 -646.68（経過 391 秒）
[11:37:59] 出発点 19/40：負の対数事後確率 -647.14（経過 421 秒）
[11:38:37] 出発点 20/40：負の対数事後確率 -647.36（経過 459 秒）
[11:38:51] 出発点 21/40：負の対数事後確率 -646.47（経過 473 秒）
[11:39:10] 出発点 22/40：負の対数事後確率 -647.20（経過 491 秒）
[11:39:29] 出発点 23/40：負の対数事後確率 -646.70（経過 511 秒）
[11:39:55] 出発点 24/40：負の対数事後確率 -638.45（経過 536 秒）
[11:40:15] 出発点 25/40：負の対数事後確率 -646.79（経過 557 秒）
[11:40:32] 出発点 26/40：負の対数事後確率 -646.73（経過 574 秒）
[11:40:52] 出発点 27/40：負の対数事後確率 -646.74（経過 593 秒）
[11:41:09] 出発点 28/40：負の対数事後確率 -647.51（経過 611 秒）
[11:41:13] 出発点 29/40：負の対数事後確率 38538.43（経過 615 秒）
[11:41:28] 出発点 30/40：負の対数事後確率 -646.67（経過 630 秒）
[11:41:45] 出発点 31/40：負の対数事後確率 -647.53（経過 647 秒）
[11:42:02] 出発点 32/40：負の対数事後確率 -647.55（経過 664 秒）
[11:42:24] 出発点 33/40：負の対数事後確率 -645.72（経過 686 秒）
[11:42:40] 出発点 34/40：負の対数事後確率 -647.24（経過 702 秒）
[11:43:11] 出発点 35/40：負の対数事後確率 -646.52（経過 732 秒）
[11:43:26] 出発点 36/40：負の対数事後確率 -647.60（経過 748 秒）
[11:43:39] 出発点 37/40：負の対数事後確率 -646.77（経過 761 秒）
[11:44:00] 出発点 38/40：負の対数事後確率 -647.26（経過 781 秒）
[11:44:12] 出発点 39/40：負の対数事後確率 -647.21（経過 794 秒）
[11:44:45] 出発点 40/40：負の対数事後確率 -638.72（経過 827 秒）
山の数 23（出発点 40 個から）
  高さの差    0.00、たどり着いた回数   3：22-23 IX -0.0017, IY -0.0140, IZ -0.0534, ZI -0.0072, ZX +0.0086, ZY +0.0166, ZZ +0.0554  142-143 IX +0.0220, IY -0.0151, IZ +0.0128, ZI -0.0043, ZX +0.0034, ZY +0.0124, ZZ -0.0125
  高さの差    0.01、たどり着いた回数   5：22-23 IX -0.0017, IY -0.0140, IZ -0.0534, ZI -0.0072, ZX +0.0086, ZY +0.0166, ZZ +0.0554  142-143 IX +0.0221, IY -0.0149, IZ +0.0083, ZI -0.0042, ZX +0.0032, ZY +0.0121, ZZ -0.0079
  高さの差    0.04、たどり着いた回数   1：22-23 IX -0.0017, IY -0.0139, IZ -0.0530, ZI -0.0072, ZX +0.0085, ZY +0.0166, ZZ +0.0550  142-143 IX +0.0215, IY -0.0156, IZ +0.0190, ZI -0.0043, ZX +0.0038, ZY +0.0129, ZZ -0.0187
  高さの差    0.05、たどり着いた回数   2：22-23 IX -0.0017, IY -0.0140, IZ -0.0528, ZI -0.0072, ZX +0.0085, ZY +0.0166, ZZ +0.0548  142-143 IX +0.0222, IY -0.0148, IZ +0.0028, ZI -0.0042, ZX +0.0032, ZY +0.0120, ZZ -0.0024
  高さの差    0.24、たどり着いた回数   1：22-23 IX -0.0017, IY -0.0139, IZ -0.0536, ZI -0.0072, ZX +0.0086, ZY +0.0166, ZZ +0.0556  142-143 IX +0.0210, IY -0.0161, IZ -0.0188, ZI -0.0040, ZX +0.0043, ZY +0.0133, ZZ +0.0191
書き出し: C:\Users\yoshi\quantum\experiments\a5_trotter_noise\results\s2\real_F5_D1_calib_modes.json、_map_init.npz
