[06:38:31] 出発点 1/30：負の対数事後確率 -483.41（経過 38 秒）
[06:38:57] 出発点 2/30：負の対数事後確率 -482.88（経過 65 秒）
[06:39:37] 出発点 3/30：負の対数事後確率 -483.24（経過 104 秒）
[06:40:10] 出発点 4/30：負の対数事後確率 -483.08（経過 138 秒）
[06:40:49] 出発点 5/30：負の対数事後確率 -483.22（経過 177 秒）
[06:41:19] 出発点 6/30：負の対数事後確率 -483.29（経過 207 秒）
[06:41:49] 出発点 7/30：負の対数事後確率 -483.39（経過 236 秒）
[06:42:27] 出発点 8/30：負の対数事後確率 -482.56（経過 275 秒）
[06:43:01] 出発点 9/30：負の対数事後確率 -483.41（経過 309 秒）
[06:43:34] 出発点 10/30：負の対数事後確率 -483.25（経過 342 秒）
[06:44:09] 出発点 11/30：負の対数事後確率 -483.39（経過 376 秒）
[06:44:45] 出発点 12/30：負の対数事後確率 -483.33（経過 412 秒）
[06:44:49] 出発点 13/30：負の対数事後確率 101518.80（経過 416 秒）
[06:45:26] 出発点 14/30：負の対数事後確率 -483.11（経過 453 秒）
[06:45:59] 出発点 15/30：負の対数事後確率 -482.84（経過 487 秒）
[06:46:25] 出発点 16/30：負の対数事後確率 -482.55（経過 512 秒）
[06:46:47] 出発点 17/30：負の対数事後確率 -482.69（経過 535 秒）
[06:47:11] 出発点 18/30：負の対数事後確率 -483.18（経過 559 秒）
[06:47:31] 出発点 19/30：負の対数事後確率 -483.27（経過 579 秒）
[06:47:58] 出発点 20/30：負の対数事後確率 -483.30（経過 606 秒）
[06:48:36] 出発点 21/30：負の対数事後確率 -483.32（経過 644 秒）
[06:48:48] 出発点 22/30：負の対数事後確率 -483.33（経過 655 秒）
[06:49:17] 出発点 23/30：負の対数事後確率 -483.29（経過 685 秒）
[06:49:21] 出発点 24/30：負の対数事後確率 176875.66（経過 689 秒）
[06:49:50] 出発点 25/30：負の対数事後確率 -483.39（経過 717 秒）
[06:50:24] 出発点 26/30：負の対数事後確率 -483.26（経過 752 秒）
[06:50:56] 出発点 27/30：負の対数事後確率 -482.49（経過 784 秒）
[06:51:26] 出発点 28/30：負の対数事後確率 -483.05（経過 814 秒）
[06:52:00] 出発点 29/30：負の対数事後確率 -483.23（経過 848 秒）
[06:52:25] 出発点 30/30：負の対数事後確率 -483.01（経過 872 秒）
山の数 6（出発点 30 個から）
  高さの差    0.00、たどり着いた回数  17：22-23 IX +0.0018, IZ +0.0097, ZI -0.0062, ZX +0.0050, ZZ -0.0076  142-143 IX +0.0300, ZI -0.0060, ZX -0.0046, ZZ -0.0013
  高さの差    0.12、たどり着いた回数   7：22-23 IX +0.0017, IZ +0.0057, ZI -0.0062, ZX +0.0051, ZZ -0.0036  142-143 IX +0.0300, ZI -0.0060, ZX -0.0046, ZZ -0.0014
  高さの差    0.30、たどり着いた回数   3：22-23 IX +0.0016, IZ +0.0126, ZI -0.0061, ZX +0.0052, ZZ -0.0105  142-143 IX +0.0301, ZI -0.0061, ZX -0.0047, ZZ -0.0012
  高さの差    0.92、たどり着いた回数   1：22-23 IX +0.0017, IZ +0.0028, ZI -0.0062, ZX +0.0051, ZZ -0.0007  142-143 IX +0.0300, ZI -0.0060, ZX -0.0046, ZZ -0.0014
  高さの差 102002.21、たどり着いた回数   1：22-23 IX +0.1127, IZ +0.3371, ZI +0.1431, ZX -0.2392, ZZ -0.3033  142-143 IX +0.0129, IZ -0.0057, ZI -0.0008, ZX +0.0122, ZZ +0.0024
書き出し: C:\Users\yoshi\quantum\experiments\a5_trotter_noise\results\s2\real_F3s_D1_pos_w0.01_modes.json、_map_init.npz
