[17:00:52] 出発点 1/40：負の対数事後確率 -631.48（経過 21 秒）
[17:01:16] 出発点 2/40：負の対数事後確率 -632.20（経過 45 秒）
[17:01:43] 出発点 3/40：負の対数事後確率 -632.48（経過 72 秒）
[17:02:02] 出発点 4/40：負の対数事後確率 -632.47（経過 90 秒）
[17:02:27] 出発点 5/40：負の対数事後確率 -631.63（経過 116 秒）
[17:03:03] 出発点 6/40：負の対数事後確率 -621.04（経過 152 秒）
[17:03:33] 出発点 7/40：負の対数事後確率 -632.79（経過 181 秒）
[17:03:48] 出発点 8/40：負の対数事後確率 -631.91（経過 197 秒）
[17:04:10] 出発点 9/40：負の対数事後確率 -632.47（経過 219 秒）
[17:04:28] 出発点 10/40：負の対数事後確率 -632.78（経過 237 秒）
[17:04:51] 出発点 11/40：負の対数事後確率 -631.65（経過 260 秒）
[17:05:18] 出発点 12/40：負の対数事後確率 -632.43（経過 287 秒）
[17:05:47] 出発点 13/40：負の対数事後確率 -631.59（経過 315 秒）
[17:06:07] 出発点 14/40：負の対数事後確率 -632.50（経過 336 秒）
[17:06:29] 出発点 15/40：負の対数事後確率 -631.55（経過 358 秒）
[17:06:46] 出発点 16/40：負の対数事後確率 -632.48（経過 375 秒）
[17:07:04] 出発点 17/40：負の対数事後確率 -631.65（経過 392 秒）
[17:07:42] 出発点 18/40：負の対数事後確率 -632.27（経過 431 秒）
[17:08:02] 出発点 19/40：負の対数事後確率 -632.75（経過 451 秒）
[17:08:22] 出発点 20/40：負の対数事後確率 -632.48（経過 471 秒）
[17:08:45] 出発点 21/40：負の対数事後確率 -632.77（経過 494 秒）
[17:09:15] 出発点 22/40：負の対数事後確率 -632.14（経過 524 秒）
[17:09:40] 出発点 23/40：負の対数事後確率 -631.57（経過 549 秒）
[17:10:21] 出発点 24/40：負の対数事後確率 -621.06（経過 590 秒）
[17:10:40] 出発点 25/40：負の対数事後確率 -631.80（経過 609 秒）
[17:10:55] 出発点 26/40：負の対数事後確率 -631.50（経過 624 秒）
[17:11:19] 出発点 27/40：負の対数事後確率 -631.65（経過 648 秒）
[17:11:39] 出発点 28/40：負の対数事後確率 -632.76（経過 668 秒）
[17:11:43] 出発点 29/40：負の対数事後確率 41738.72（経過 672 秒）
[17:12:20] 出発点 30/40：負の対数事後確率 -631.91（経過 709 秒）
[17:12:41] 出発点 31/40：負の対数事後確率 -632.48（経過 730 秒）
[17:13:20] 出発点 32/40：負の対数事後確率 -632.14（経過 769 秒）
[17:13:43] 出発点 33/40：負の対数事後確率 -631.73（経過 792 秒）
[17:14:03] 出発点 34/40：負の対数事後確率 -631.75（経過 812 秒）
[17:14:25] 出発点 35/40：負の対数事後確率 -631.89（経過 834 秒）
[17:14:48] 出発点 36/40：負の対数事後確率 -632.80（経過 857 秒）
[17:15:06] 出発点 37/40：負の対数事後確率 -631.91（経過 875 秒）
[17:15:37] 出発点 38/40：負の対数事後確率 -632.25（経過 906 秒）
[17:16:02] 出発点 39/40：負の対数事後確率 -632.79（経過 931 秒）
[17:16:23] 出発点 40/40：負の対数事後確率 -620.65（経過 952 秒）
山の数 17（出発点 40 個から）
  高さの差    0.00、たどり着いた回数   4：22-23 IX -0.0017, IY -0.0139, IZ -0.0572, ZI -0.0072, ZX +0.0086, ZY +0.0167, ZZ +0.0593  142-143 IX +0.0203, IY -0.0171, IZ +0.0352, ZI -0.0042, ZX +0.0050, ZY +0.0144, ZZ -0.0349
  高さの差    0.01、たどり着いた回数   3：22-23 IX -0.0017, IY -0.0140, IZ -0.0571, ZI -0.0072, ZX +0.0086, ZY +0.0166, ZZ +0.0592  142-143 IX +0.0200, IY -0.0175, IZ +0.0377, ZI -0.0042, ZX +0.0054, ZY +0.0149, ZZ -0.0375
  高さの差    0.03、たどり着いた回数   4：22-23 IX -0.0017, IY -0.0139, IZ -0.0573, ZI -0.0072, ZX +0.0086, ZY +0.0167, ZZ +0.0593  142-143 IX +0.0207, IY -0.0166, IZ +0.0325, ZI -0.0043, ZX +0.0046, ZY +0.0140, ZZ -0.0322
  高さの差    0.30、たどり着いた回数   5：22-23 IX -0.0017, IY -0.0140, IZ -0.0570, ZI -0.0072, ZX +0.0086, ZY +0.0167, ZZ +0.0591  142-143 IX +0.0200, IY -0.0172, IZ -0.0325, ZI -0.0038, ZX +0.0054, ZY +0.0144, ZZ +0.0329
  高さの差    0.31、たどり着いた回数   2：22-23 IX -0.0017, IY -0.0139, IZ -0.0574, ZI -0.0072, ZX +0.0086, ZY +0.0167, ZZ +0.0594  142-143 IX +0.0196, IY -0.0175, IZ -0.0352, ZI -0.0037, ZX +0.0057, ZY +0.0148, ZZ +0.0356
書き出し: C:\Users\yoshi\quantum\experiments\a5_trotter_noise\results\s2\real_F5_D1_w0.1_long_modes.json、_map_init.npz
