[20:42:09] 出発点 1/40：負の対数事後確率 -477.53（経過 50 秒）
[20:42:47] 出発点 2/40：負の対数事後確率 -472.16（経過 88 秒）
[20:43:14] 出発点 3/40：負の対数事後確率 -476.95（経過 115 秒）
[20:43:55] 出発点 4/40：負の対数事後確率 -474.12（経過 155 秒）
[20:44:32] 出発点 5/40：負の対数事後確率 -472.57（経過 193 秒）
[20:45:23] 出発点 6/40：負の対数事後確率 -477.66（経過 244 秒）
[20:45:58] 出発点 7/40：負の対数事後確率 -477.44（経過 279 秒）
[20:46:35] 出発点 8/40：負の対数事後確率 -477.09（経過 316 秒）
[20:47:02] 出発点 9/40：負の対数事後確率 -477.43（経過 342 秒）
[20:47:38] 出発点 10/40：負の対数事後確率 -477.27（経過 379 秒）
[20:47:55] 出発点 11/40：負の対数事後確率 -473.00（経過 395 秒）
[20:48:45] 出発点 12/40：負の対数事後確率 -474.80（経過 446 秒）
[20:49:17] 出発点 13/40：負の対数事後確率 58437.86（経過 478 秒）
[20:49:51] 出発点 14/40：負の対数事後確率 -477.52（経過 512 秒）
[20:50:17] 出発点 15/40：負の対数事後確率 -471.95（経過 538 秒）
[20:51:01] 出発点 16/40：負の対数事後確率 -472.30（経過 581 秒）
[20:51:22] 出発点 17/40：負の対数事後確率 -477.57（経過 603 秒）
[20:51:43] 出発点 18/40：負の対数事後確率 -474.40（経過 624 秒）
[20:52:20] 出発点 19/40：負の対数事後確率 -472.69（経過 661 秒）
[20:52:58] 出発点 20/40：負の対数事後確率 -477.00（経過 699 秒）
[20:53:18] 出発点 21/40：負の対数事後確率 -476.52（経過 718 秒）
[20:53:52] 出発点 22/40：負の対数事後確率 -476.70（経過 753 秒）
[20:54:29] 出発点 23/40：負の対数事後確率 -472.42（経過 790 秒）
[20:54:34] 出発点 24/40：負の対数事後確率 15669.07（経過 795 秒）
[20:54:42] 出発点 25/40：負の対数事後確率 46967.35（経過 802 秒）
[20:54:58] 出発点 26/40：負の対数事後確率 -477.40（経過 819 秒）
[20:55:31] 出発点 27/40：負の対数事後確率 -471.49（経過 852 秒）
[20:55:53] 出発点 28/40：負の対数事後確率 -472.55（経過 874 秒）
[20:56:24] 出発点 29/40：負の対数事後確率 -477.58（経過 905 秒）
[20:56:39] 出発点 30/40：負の対数事後確率 -472.23（経過 920 秒）
[20:57:12] 出発点 31/40：負の対数事後確率 -474.28（経過 953 秒）
[20:57:29] 出発点 32/40：負の対数事後確率 -477.21（経過 970 秒）
[20:57:49] 出発点 33/40：負の対数事後確率 -470.86（経過 990 秒）
[20:58:09] 出発点 34/40：負の対数事後確率 -473.19（経過 1010 秒）
[20:58:46] 出発点 35/40：負の対数事後確率 -477.24（経過 1047 秒）
[20:59:04] 出発点 36/40：負の対数事後確率 -472.62（経過 1065 秒）
[20:59:22] 出発点 37/40：負の対数事後確率 -476.58（経過 1083 秒）
[20:59:45] 出発点 38/40：負の対数事後確率 -476.59（経過 1106 秒）
[21:00:23] 出発点 39/40：負の対数事後確率 -477.33（経過 1143 秒）
[21:00:47] 出発点 40/40：負の対数事後確率 -477.32（経過 1168 秒）
山の数 29（出発点 40 個から）
  高さの差    0.00、たどり着いた回数   1：22-23 IZ -0.0533, ZI -0.0056, ZX +0.0069, ZZ +0.0554  142-143 IX +0.0304, IZ +0.0078, ZI -0.0062, ZX -0.0049, ZZ -0.0091
  高さの差    0.07、たどり着いた回数   4：22-23 IX +0.0002, IZ -0.0512, ZI -0.0057, ZX +0.0066, ZZ +0.0532  142-143 IX +0.0304, IZ +0.0095, ZI -0.0063, ZX -0.0049, ZZ -0.0108
  高さの差    0.13、たどり着いた回数   3：22-23 IX +0.0003, IZ -0.0503, ZI -0.0057, ZX +0.0066, ZZ +0.0523  142-143 IX +0.0303, IZ +0.0071, ZI -0.0061, ZX -0.0049, ZZ -0.0084
  高さの差    0.13、たどり着いた回数   2：22-23 IX +0.0002, IZ -0.0516, ZI -0.0058, ZX +0.0066, ZZ +0.0537  142-143 IX +0.0305, IZ +0.0189, ZI -0.0066, ZX -0.0050, ZZ -0.0202
  高さの差    0.23、たどり着いた回数   1：22-23 IX +0.0002, IZ -0.0502, ZI -0.0057, ZX +0.0067, ZZ +0.0523  142-143 IX +0.0304, IZ +0.0136, ZI -0.0063, ZX -0.0050, ZZ -0.0149
書き出し: C:\Users\yoshi\quantum\experiments\a5_trotter_noise\results\s2\real_F3s_D1_neg_modes.json、_map_init.npz
