[18:16:46] 出発点 1/30：負の対数事後確率 -308.69（経過 15 秒）
[18:17:00] 出発点 2/30：負の対数事後確率 -344.71（経過 29 秒）
[18:17:12] 出発点 3/30：負の対数事後確率 -311.25（経過 41 秒）
[18:17:24] 出発点 4/30：負の対数事後確率 -311.19（経過 53 秒）
[18:17:40] 出発点 5/30：負の対数事後確率 -308.64（経過 69 秒）
[18:17:51] 出発点 6/30：負の対数事後確率 -311.44（経過 81 秒）
[18:18:05] 出発点 7/30：負の対数事後確率 -311.51（経過 94 秒）
[18:18:16] 出発点 8/30：負の対数事後確率 -308.97（経過 105 秒）
[18:18:29] 出発点 9/30：負の対数事後確率 -311.27（経過 118 秒）
[18:18:52] 出発点 10/30：負の対数事後確率 -311.50（経過 141 秒）
[18:19:09] 出発点 11/30：負の対数事後確率 -308.67（経過 158 秒）
[18:19:23] 出発点 12/30：負の対数事後確率 -311.34（経過 172 秒）
[18:19:36] 出発点 13/30：負の対数事後確率 -308.66（経過 185 秒）
[18:19:47] 出発点 14/30：負の対数事後確率 -311.23（経過 196 秒）
[18:20:00] 出発点 15/30：負の対数事後確率 -308.73（経過 209 秒）
[18:20:11] 出発点 16/30：負の対数事後確率 -311.25（経過 220 秒）
[18:20:23] 出発点 17/30：負の対数事後確率 -308.96（経過 232 秒）
[18:20:36] 出発点 18/30：負の対数事後確率 -311.49（経過 245 秒）
[18:20:49] 出発点 19/30：負の対数事後確率 -311.31（経過 258 秒）
[18:21:01] 出発点 20/30：負の対数事後確率 -311.40（経過 271 秒）
[18:21:16] 出発点 21/30：負の対数事後確率 -311.41（経過 285 秒）
[18:21:34] 出発点 22/30：負の対数事後確率 -311.44（経過 303 秒）
[18:21:46] 出発点 23/30：負の対数事後確率 -308.72（経過 315 秒）
[18:22:32] 出発点 24/30：負の対数事後確率 -344.24（経過 361 秒）
[18:22:43] 出発点 25/30：負の対数事後確率 -308.50（経過 372 秒）
[18:22:59] 出発点 26/30：負の対数事後確率 -308.68（経過 388 秒）
[18:23:21] 出発点 27/30：負の対数事後確率 -308.97（経過 410 秒）
[18:23:35] 出発点 28/30：負の対数事後確率 -311.22（経過 424 秒）
[18:23:39] 出発点 29/30：負の対数事後確率 41754.59（経過 428 秒）
[18:24:04] 出発点 30/30：負の対数事後確率 -308.96（経過 453 秒）
山の数 17（出発点 30 個から）
  高さの差    0.00、たどり着いた回数   1：22-23 IX +0.0118, IY -0.0170, IZ +0.0541, ZI -0.0149, ZX -0.0100, ZY -0.0078, ZZ -0.0516  142-143 IX +0.0204, IY -0.0167, IZ +0.0318, ZI -0.0041, ZX +0.0049, ZY +0.0140, ZZ -0.0315
  高さの差    0.47、たどり着いた回数   1：22-23 IX +0.0118, IY -0.0170, IZ +0.0571, ZI -0.0149, ZX -0.0101, ZY -0.0080, ZZ -0.0547  142-143 IX +0.0207, IY -0.0165, IZ +0.0296, ZI -0.0041, ZX +0.0047, ZY +0.0138, ZZ -0.0293
  高さの差   33.20、たどり着いた回数   3：22-23 IX -0.0010, IY -0.0212, IZ -0.0570, ZI -0.0076, ZX +0.0062, ZY +0.0098, ZZ +0.0606  142-143 IX +0.0195, IY -0.0178, IZ +0.0391, ZI -0.0041, ZX +0.0058, ZY +0.0152, ZZ -0.0388
  高さの差   33.26、たどり着いた回数   1：22-23 IX -0.0010, IY -0.0211, IZ -0.0572, ZI -0.0076, ZX +0.0062, ZY +0.0098, ZZ +0.0608  142-143 IX +0.0191, IY -0.0182, IZ +0.0418, ZI -0.0041, ZX +0.0062, ZY +0.0156, ZZ -0.0415
  高さの差   33.27、たどり着いた回数   3：22-23 IX -0.0010, IY -0.0212, IZ -0.0571, ZI -0.0076, ZX +0.0062, ZY +0.0098, ZZ +0.0607  142-143 IX +0.0202, IY -0.0170, IZ +0.0336, ZI -0.0041, ZX +0.0051, ZY +0.0143, ZZ -0.0333
書き出し: C:\Users\yoshi\quantum\experiments\a5_trotter_noise\results\s2\real_F5_D0_long_modes.json、_map_init.npz
