[12:12:59] 出発点 1/30：負の対数事後確率 -484.57（経過 33 秒）
[12:13:25] 出発点 2/30：負の対数事後確率 -481.36（経過 59 秒）
[12:14:04] 出発点 3/30：負の対数事後確率 -484.69（経過 99 秒）
[12:14:33] 出発点 4/30：負の対数事後確率 -483.07（経過 127 秒）
[12:15:04] 出発点 5/30：負の対数事後確率 -482.48（経過 158 秒）
[12:15:36] 出発点 6/30：負の対数事後確率 -484.48（経過 190 秒）
[12:16:03] 出発点 7/30：負の対数事後確率 -484.79（経過 217 秒）
[12:16:36] 出発点 8/30：負の対数事後確率 -483.52（経過 250 秒）
[12:17:00] 出発点 9/30：負の対数事後確率 -484.85（経過 274 秒）
[12:17:24] 出発点 10/30：負の対数事後確率 -484.49（経過 298 秒）
[12:17:42] 出発点 11/30：負の対数事後確率 -481.97（経過 316 秒）
[12:18:05] 出発点 12/30：負の対数事後確率 -483.95（経過 339 秒）
[12:18:33] 出発点 13/30：負の対数事後確率 58262.48（経過 367 秒）
[12:19:02] 出発点 14/30：負の対数事後確率 -484.77（経過 396 秒）
[12:19:20] 出発点 15/30：負の対数事後確率 -481.22（経過 415 秒）
[12:19:47] 出発点 16/30：負の対数事後確率 -481.64（経過 441 秒）
[12:20:07] 出発点 17/30：負の対数事後確率 -484.92（経過 461 秒）
[12:20:42] 出発点 18/30：負の対数事後確率 -483.44（経過 496 秒）
[12:21:06] 出発点 19/30：負の対数事後確率 -481.85（経過 520 秒）
[12:21:43] 出発点 20/30：負の対数事後確率 -483.66（経過 558 秒）
[12:22:15] 出発点 21/30：負の対数事後確率 -484.42（経過 589 秒）
[12:22:39] 出発点 22/30：負の対数事後確率 -483.15（経過 613 秒）
[12:23:15] 出発点 23/30：負の対数事後確率 -481.94（経過 649 秒）
[12:23:19] 出発点 24/30：負の対数事後確率 269512.03（経過 653 秒）
[12:23:31] 出発点 25/30：負の対数事後確率 46952.82（経過 665 秒）
[12:23:53] 出発点 26/30：負の対数事後確率 -484.88（経過 687 秒）
[12:24:26] 出発点 27/30：負の対数事後確率 -480.82（経過 720 秒）
[12:24:36] 出発点 28/30：負の対数事後確率 -481.77（経過 730 秒）
[12:25:08] 出発点 29/30：負の対数事後確率 -484.79（経過 763 秒）
[12:25:47] 出発点 30/30：負の対数事後確率 -481.42（経過 802 秒）
山の数 20（出発点 30 個から）
  高さの差    0.00、たどり着いた回数   1：22-23 IX +0.0004, IZ -0.0456, ZI -0.0058, ZX +0.0065, ZZ +0.0477  142-143 IX +0.0304, IZ +0.0071, ZI -0.0064, ZX -0.0050, ZZ -0.0084
  高さの差    0.04、たどり着いた回数   4：22-23 IX +0.0004, IZ -0.0438, ZI -0.0058, ZX +0.0065, ZZ +0.0458  142-143 IX +0.0303, IZ +0.0032, ZI -0.0062, ZX -0.0049, ZZ -0.0045
  高さの差    0.15、たどり着いた回数   1：22-23 IX +0.0004, IZ -0.0432, ZI -0.0058, ZX +0.0064, ZZ +0.0453  142-143 IX +0.0305, IZ +0.0128, ZI -0.0065, ZX -0.0050, ZZ -0.0141
  高さの差    0.24、たどり着いた回数   1：22-23 IX +0.0007, IZ -0.0388, ZI -0.0059, ZX +0.0062, ZZ +0.0408  142-143 IX +0.0304, IZ +0.0042, ZI -0.0063, ZX -0.0049, ZZ -0.0055
  高さの差    0.36、たどり着いた回数   2：22-23 IX +0.0007, IZ -0.0367, ZI -0.0058, ZX +0.0062, ZZ +0.0387  142-143 IX +0.0303, IZ +0.0025, ZI -0.0062, ZX -0.0049, ZZ -0.0038
書き出し: C:\Users\yoshi\quantum\experiments\a5_trotter_noise\results\s2\real_F3s_D1_neg_calib_modes.json、_map_init.npz
