[08:41:04] 出発点 1/30：負の対数事後確率 -483.61（経過 13 秒）
[08:41:18] 出発点 2/30：負の対数事後確率 -481.32（経過 27 秒）
[08:41:45] 出発点 3/30：負の対数事後確率 -483.83（経過 54 秒）
[08:42:16] 出発点 4/30：負の対数事後確率 -482.66（経過 85 秒）
[08:42:43] 出発点 5/30：負の対数事後確率 -482.02（経過 113 秒）
[08:43:16] 出発点 6/30：負の対数事後確率 -483.90（経過 145 秒）
[08:43:53] 出発点 7/30：負の対数事後確率 -484.17（経過 182 秒）
[08:44:19] 出発点 8/30：負の対数事後確率 -483.29（経過 208 秒）
[08:44:48] 出発点 9/30：負の対数事後確率 -483.68（経過 237 秒）
[08:45:09] 出発点 10/30：負の対数事後確率 -483.76（経過 258 秒）
[08:45:25] 出発点 11/30：負の対数事後確率 -481.98（経過 274 秒）
[08:46:01] 出発点 12/30：負の対数事後確率 -483.39（経過 310 秒）
[08:46:05] 出発点 13/30：負の対数事後確率 44191.04（経過 314 秒）
[08:46:43] 出発点 14/30：負の対数事後確率 -483.86（経過 352 秒）
[08:47:03] 出発点 15/30：負の対数事後確率 -481.15（経過 372 秒）
[08:47:29] 出発点 16/30：負の対数事後確率 -481.54（経過 398 秒）
[08:47:54] 出発点 17/30：負の対数事後確率 -484.17（経過 423 秒）
[08:48:19] 出発点 18/30：負の対数事後確率 -482.82（経過 448 秒）
[08:48:42] 出発点 19/30：負の対数事後確率 -481.71（経過 471 秒）
[08:49:15] 出発点 20/30：負の対数事後確率 -482.87（経過 504 秒）
[08:49:43] 出発点 21/30：負の対数事後確率 -483.73（経過 532 秒）
[08:50:21] 出発点 22/30：負の対数事後確率 -482.54（経過 570 秒）
[08:50:55] 出発点 23/30：負の対数事後確率 -481.61（経過 604 秒）
[08:50:59] 出発点 24/30：負の対数事後確率 422111.47（経過 608 秒）
[08:51:30] 出発点 25/30：負の対数事後確率 -484.18（経過 639 秒）
[08:51:51] 出発点 26/30：負の対数事後確率 -484.22（経過 660 秒）
[08:52:22] 出発点 27/30：負の対数事後確率 -480.77（経過 691 秒）
[08:52:54] 出発点 28/30：負の対数事後確率 -481.88（経過 723 秒）
[08:53:31] 出発点 29/30：負の対数事後確率 -484.25（経過 760 秒）
[08:53:58] 出発点 30/30：負の対数事後確率 -481.65（経過 788 秒）
山の数 18（出発点 30 個から）
  高さの差    0.00、たどり着いた回数   5：22-23 IX +0.0003, IZ +0.0461, ZI -0.0056, ZX +0.0066, ZZ -0.0440  142-143 IX +0.0304, IZ +0.0042, ZI -0.0062, ZX -0.0049, ZZ -0.0055
  高さの差    0.35、たどり着いた回数   1：22-23 IX +0.0008, IZ +0.0374, ZI -0.0059, ZX +0.0060, ZZ -0.0354  142-143 IX +0.0304, IZ +0.0058, ZI -0.0063, ZX -0.0050, ZZ -0.0071
  高さの差    0.39、たどり着いた回数   1：22-23 IX +0.0002, IZ +0.0428, ZI -0.0055, ZX +0.0066, ZZ -0.0407  142-143 IX +0.0304, IZ +0.0021, ZI -0.0062, ZX -0.0050, ZZ -0.0034
  高さの差    0.42、たどり着いた回数   1：22-23 IX +0.0009, IZ +0.0373, ZI -0.0059, ZX +0.0059, ZZ -0.0353  142-143 IX +0.0304, IZ +0.0080, ZI -0.0064, ZX -0.0050, ZZ -0.0093
  高さの差    0.49、たどり着いた回数   2：22-23 IX +0.0010, IZ +0.0329, ZI -0.0059, ZX +0.0058, ZZ -0.0308  142-143 IX +0.0304, IZ +0.0053, ZI -0.0064, ZX -0.0050, ZZ -0.0066
書き出し: C:\Users\yoshi\quantum\experiments\a5_trotter_noise\results\s2\real_F3s_D1_pos_calib_modes.json、_map_init.npz
