[07:20:30] 出発点 1/30：負の対数事後確率 -481.24（経過 36 秒）
[07:20:54] 出発点 2/30：負の対数事後確率 -479.94（経過 60 秒）
[07:21:16] 出発点 3/30：負の対数事後確率 -481.10（経過 82 秒）
[07:21:54] 出発点 4/30：負の対数事後確率 -481.30（経過 121 秒）
[07:22:27] 出発点 5/30：負の対数事後確率 -480.90（経過 153 秒）
[07:23:01] 出発点 6/30：負の対数事後確率 -481.24（経過 187 秒）
[07:23:32] 出発点 7/30：負の対数事後確率 -480.99（経過 218 秒）
[07:23:57] 出発点 8/30：負の対数事後確率 -481.10（経過 243 秒）
[07:24:25] 出発点 9/30：負の対数事後確率 -480.86（経過 271 秒）
[07:24:51] 出発点 10/30：負の対数事後確率 -481.15（経過 297 秒）
[07:25:17] 出発点 11/30：負の対数事後確率 -480.87（経過 323 秒）
[07:25:46] 出発点 12/30：負の対数事後確率 -481.36（経過 352 秒）
[07:25:51] 出発点 13/30：負の対数事後確率 364289.16（経過 357 秒）
[07:26:22] 出発点 14/30：負の対数事後確率 -481.14（経過 389 秒）
[07:26:46] 出発点 15/30：負の対数事後確率 -479.49（経過 412 秒）
[07:27:22] 出発点 16/30：負の対数事後確率 -480.30（経過 448 秒）
[07:27:54] 出発点 17/30：負の対数事後確率 -481.06（経過 480 秒）
[07:28:20] 出発点 18/30：負の対数事後確率 -481.11（経過 506 秒）
[07:28:37] 出発点 19/30：負の対数事後確率 -480.02（経過 523 秒）
[07:29:10] 出発点 20/30：負の対数事後確率 -481.36（経過 557 秒）
[07:29:36] 出発点 21/30：負の対数事後確率 -481.14（経過 582 秒）
[07:29:59] 出発点 22/30：負の対数事後確率 -481.21（経過 605 秒）
[07:30:23] 出発点 23/30：負の対数事後確率 -479.70（経過 629 秒）
[07:30:28] 出発点 24/30：負の対数事後確率 627318.10（経過 634 秒）
[07:30:56] 出発点 25/30：負の対数事後確率 -480.59（経過 662 秒）
[07:31:22] 出発点 26/30：負の対数事後確率 -480.88（経過 688 秒）
[07:31:47] 出発点 27/30：負の対数事後確率 -479.12（経過 714 秒）
[07:32:10] 出発点 28/30：負の対数事後確率 -480.30（経過 736 秒）
[07:32:39] 出発点 29/30：負の対数事後確率 -480.95（経過 765 秒）
[07:33:04] 出発点 30/30：負の対数事後確率 -480.32（経過 790 秒）
山の数 12（出発点 30 個から）
  高さの差    0.00、たどり着いた回数   3：22-23 IX +0.0015, IZ +0.0198, ZI -0.0061, ZX +0.0054, ZZ -0.0177  142-143 IX +0.0302, IZ +0.0007, ZI -0.0061, ZX -0.0048, ZZ -0.0020
  高さの差    0.06、たどり着いた回数   3：22-23 IX +0.0016, IZ +0.0156, ZI -0.0062, ZX +0.0052, ZZ -0.0135  142-143 IX +0.0302, IZ +0.0031, ZI -0.0061, ZX -0.0048, ZZ -0.0044
  高さの差    0.12、たどり着いた回数   4：22-23 IX +0.0012, IZ +0.0274, ZI -0.0060, ZX +0.0056, ZZ -0.0253  142-143 IX +0.0303, IZ +0.0020, ZI -0.0061, ZX -0.0048, ZZ -0.0033
  高さの差    0.21、たどり着いた回数   4：22-23 IX +0.0011, IZ +0.0320, ZI -0.0060, ZX +0.0057, ZZ -0.0300  142-143 IX +0.0303, IZ +0.0019, ZI -0.0061, ZX -0.0048, ZZ -0.0032
  高さの差    0.21、たどり着いた回数   1：22-23 IX +0.0012, IZ +0.0241, ZI -0.0059, ZX +0.0056, ZZ -0.0220  142-143 IX +0.0303, IZ +0.0020, ZI -0.0061, ZX -0.0049, ZZ -0.0033
書き出し: C:\Users\yoshi\quantum\experiments\a5_trotter_noise\results\s2\real_F3s_D1_pos_w0.02_modes.json、_map_init.npz
