[12:53:39] 出発点 1/40：負の対数事後確率 -639.69（経過 13 秒）
[12:53:56] 出発点 2/40：負の対数事後確率 -640.92（経過 30 秒）
[12:54:16] 出発点 3/40：負の対数事後確率 -640.37（経過 50 秒）
[12:54:31] 出発点 4/40：負の対数事後確率 -640.95（経過 65 秒）
[12:54:49] 出発点 5/40：負の対数事後確率 -640.08（経過 83 秒）
[12:55:24] 出発点 6/40：負の対数事後確率 -630.19（経過 118 秒）
[12:55:43] 出発点 7/40：負の対数事後確率 -640.91（経過 137 秒）
[12:55:56] 出発点 8/40：負の対数事後確率 -640.04（経過 150 秒）
[12:56:11] 出発点 9/40：負の対数事後確率 -640.49（経過 165 秒）
[12:56:29] 出発点 10/40：負の対数事後確率 -640.94（経過 183 秒）
[12:56:49] 出発点 11/40：負の対数事後確率 -639.81（経過 204 秒）
[12:57:08] 出発点 12/40：負の対数事後確率 -640.91（経過 222 秒）
[12:57:22] 出発点 13/40：負の対数事後確率 -639.76（経過 236 秒）
[12:57:38] 出発点 14/40：負の対数事後確率 -640.65（経過 252 秒）
[12:57:54] 出発点 15/40：負の対数事後確率 -639.79（経過 268 秒）
[12:58:06] 出発点 16/40：負の対数事後確率 -640.67（経過 281 秒）
[12:58:20] 出発点 17/40：負の対数事後確率 -639.71（経過 294 秒）
[12:58:39] 出発点 18/40：負の対数事後確率 -640.60（経過 313 秒）
[12:58:57] 出発点 19/40：負の対数事後確率 -640.50（経過 331 秒）
[12:59:19] 出発点 20/40：負の対数事後確率 -640.67（経過 353 秒）
[12:59:45] 出発点 21/40：負の対数事後確率 -640.44（経過 380 秒）
[13:00:12] 出発点 22/40：負の対数事後確率 -640.93（経過 406 秒）
[13:00:29] 出発点 23/40：負の対数事後確率 -639.84（経過 423 秒）
[13:00:56] 出発点 24/40：負の対数事後確率 -629.99（経過 450 秒）
[13:01:15] 出発点 25/40：負の対数事後確率 -639.52（経過 469 秒）
[13:01:27] 出発点 26/40：負の対数事後確率 -639.57（経過 481 秒）
[13:01:48] 出発点 27/40：負の対数事後確率 -640.05（経過 502 秒）
[13:02:00] 出発点 28/40：負の対数事後確率 -640.52（経過 514 秒）
[13:02:04] 出発点 29/40：負の対数事後確率 46970.92（経過 518 秒）
[13:02:25] 出発点 30/40：負の対数事後確率 -640.10（経過 539 秒）
[13:02:44] 出発点 31/40：負の対数事後確率 -640.67（経過 558 秒）
[13:03:12] 出発点 32/40：負の対数事後確率 -640.60（経過 586 秒）
[13:03:27] 出発点 33/40：負の対数事後確率 -639.46（経過 601 秒）
[13:03:45] 出発点 34/40：負の対数事後確率 -639.99（経過 619 秒）
[13:04:05] 出発点 35/40：負の対数事後確率 -640.08（経過 639 秒）
[13:04:21] 出発点 36/40：負の対数事後確率 -640.63（経過 655 秒）
[13:04:31] 出発点 37/40：負の対数事後確率 -639.73（経過 665 秒）
[13:04:50] 出発点 38/40：負の対数事後確率 -640.52（経過 685 秒）
[13:05:06] 出発点 39/40：負の対数事後確率 -640.70（経過 700 秒）
[13:05:19] 出発点 40/40：負の対数事後確率 -629.86（経過 714 秒）
山の数 21（出発点 40 個から）
  高さの差    0.00、たどり着いた回数   3：22-23 IX -0.0017, IY -0.0140, IZ -0.0565, ZI -0.0072, ZX +0.0086, ZY +0.0166, ZZ +0.0585  142-143 IX +0.0210, IY -0.0163, IZ +0.0291, ZI -0.0043, ZX +0.0043, ZY +0.0136, ZZ -0.0288
  高さの差    0.01、たどり着いた回数   3：22-23 IX -0.0017, IY -0.0140, IZ -0.0566, ZI -0.0072, ZX +0.0086, ZY +0.0166, ZZ +0.0586  142-143 IX +0.0213, IY -0.0159, IZ +0.0264, ZI -0.0043, ZX +0.0040, ZY +0.0132, ZZ -0.0260
  高さの差    0.04、たどり着いた回数   3：22-23 IX -0.0017, IY -0.0139, IZ -0.0560, ZI -0.0072, ZX +0.0086, ZY +0.0167, ZZ +0.0581  142-143 IX +0.0204, IY -0.0170, IZ +0.0341, ZI -0.0042, ZX +0.0050, ZY +0.0144, ZZ -0.0338
  高さの差    0.27、たどり着いた回数   2：22-23 IX -0.0017, IY -0.0140, IZ -0.0562, ZI -0.0072, ZX +0.0086, ZY +0.0166, ZZ +0.0582  142-143 IX +0.0211, IY -0.0159, IZ -0.0217, ZI -0.0039, ZX +0.0042, ZY +0.0131, ZZ +0.0221
  高さの差    0.28、たどり着いた回数   3：22-23 IX -0.0017, IY -0.0140, IZ -0.0566, ZI -0.0072, ZX +0.0086, ZY +0.0166, ZZ +0.0587  142-143 IX +0.0202, IY -0.0169, IZ -0.0299, ZI -0.0038, ZX +0.0051, ZY +0.0142, ZZ +0.0303
書き出し: C:\Users\yoshi\quantum\experiments\a5_trotter_noise\results\s2\real_F5_D1_long_modes.json、_map_init.npz
