[09:29:24] 出発点 1/30：負の対数事後確率 151252.77（経過 5 秒）
[09:29:29] 出発点 2/30：負の対数事後確率 185063.22（経過 11 秒）
[09:29:32] 出発点 3/30：負の対数事後確率 66332.19（経過 14 秒）
[09:29:36] 出発点 4/30：負の対数事後確率 180083.33（経過 18 秒）
[09:29:41] 出発点 5/30：負の対数事後確率 317995.34（経過 23 秒）
[09:29:45] 出発点 6/30：負の対数事後確率 103500.38（経過 27 秒）
[09:29:49] 出発点 7/30：負の対数事後確率 76713.82（経過 31 秒）
[09:29:53] 出発点 8/30：負の対数事後確率 61774.77（経過 35 秒）
[09:29:59] 出発点 9/30：負の対数事後確率 66198.35（経過 40 秒）
[09:30:02] 出発点 10/30：負の対数事後確率 58668.66（経過 44 秒）
[09:30:05] 出発点 11/30：負の対数事後確率 209235.02（経過 47 秒）
[09:30:11] 出発点 12/30：負の対数事後確率 66407.89（経過 53 秒）
[09:30:17] 出発点 13/30：負の対数事後確率 164274.30（経過 59 秒）
[09:30:23] 出発点 14/30：負の対数事後確率 81600.31（経過 65 秒）
[09:30:26] 出発点 15/30：負の対数事後確率 187636.56（経過 68 秒）
[09:30:30] 出発点 16/30：負の対数事後確率 218580.15（経過 71 秒）
[09:30:34] 出発点 17/30：負の対数事後確率 81667.02（経過 76 秒）
[09:30:39] 出発点 18/30：負の対数事後確率 104303.29（経過 81 秒）
[09:30:43] 出発点 19/30：負の対数事後確率 75588.13（経過 85 秒）
[09:30:46] 出発点 20/30：負の対数事後確率 393871.02（経過 88 秒）
[09:30:52] 出発点 21/30：負の対数事後確率 29772.26（経過 94 秒）
[09:30:56] 出発点 22/30：負の対数事後確率 135443.52（経過 98 秒）
[09:31:00] 出発点 23/30：負の対数事後確率 84882.54（経過 101 秒）
[09:31:03] 出発点 24/30：負の対数事後確率 71022.76（経過 105 秒）
[09:31:07] 出発点 25/30：負の対数事後確率 227797.46（経過 109 秒）
[09:31:10] 出発点 26/30：負の対数事後確率 106640.75（経過 112 秒）
[09:31:15] 出発点 27/30：負の対数事後確率 111714.99（経過 117 秒）
[09:31:20] 出発点 28/30：負の対数事後確率 309438.47（経過 122 秒）
[09:31:24] 出発点 29/30：負の対数事後確率 138938.42（経過 126 秒）
[09:31:29] 出発点 30/30：負の対数事後確率 110575.83（経過 131 秒）
山の数 30（出発点 30 個から）
  高さの差    0.00、たどり着いた回数   1：22-23 IX -0.0949, IY +0.0419, IZ -0.3461, XI -0.0319, XX +0.0941, XY -0.1259, XZ +0.1162, YI +0.0105, YX -0.0173, YY -0.0550, YZ +0.0798, ZI +0.2534, ZX -0.1616, ZY +0.1087, ZZ -0.3056  142-143 IX +0.1572, IY -0.2016, IZ -0.4316, XI -0.1238, XX -0.0384, XY -0.2066, XZ -0.2679, YI +0.1586, YX -0.0045, YY -0.0951, YZ +0.1655, ZI +0.0731, ZX -0.2476, ZY -0.1598, ZZ -0.2255
  高さの差 28896.41、たどり着いた回数   1：22-23 IX -0.0676, IY -0.0024, IZ +0.0148, XI +0.1343, XX +0.0611, XY +0.1042, XZ -0.1980, YI -0.0124, YX +0.0181, YY +0.0260, YZ -0.0633, ZI -0.0195, ZX -0.0431, ZY +0.0840, ZZ +0.2257  142-143 IX -0.0380, IY +0.2358, IZ -0.1708, XI -0.0132, XX -0.0073, XY -0.0293, XZ -0.0409, YI -0.6456, YX +0.0157, YY -0.0594, YZ +0.2929, ZI +0.0065, ZX +0.0284, ZY -0.1294, ZZ +0.0520
  高さの差 32002.51、たどり着いた回数   1：22-23 IX -0.5068, IY +0.0389, IZ +0.3790, XI +0.0318, XX -0.4084, XY +0.4284, XZ -0.1345, YI -0.1968, YX +0.1188, YY +0.6615, YZ +0.1082, ZI +0.7111, ZX +0.0011, ZY +0.2045, ZZ +0.2988  142-143 IX -0.1606, IY +0.2906, IZ -0.5413, XI -0.2520, XX +0.1974, XY -0.1459, XZ -0.3535, YI -0.6685, YX -0.0062, YY +0.0158, YZ -0.2456, ZI +0.0044, ZX +0.2590, ZY -0.0026, ZZ +0.0496
  高さの差 36426.09、たどり着いた回数   1：22-23 IX +0.3302, IY +0.1353, IZ -0.1381, XI +0.0567, XX -0.1650, XY -0.0022, XZ +0.0368, YI -0.0599, YX -0.0488, YY -0.1444, YZ -0.1524, ZI +0.0275, ZX -0.1090, ZY -0.0060, ZZ +0.0133  142-143 IX +0.3485, IY -0.0164, IZ -0.4378, XI -0.1476, XX +0.2654, XY -0.0027, XZ -0.1557, YI -0.3035, YX -0.1680, YY +0.0303, YZ -0.0389, ZI +0.0435, ZX -0.0545, ZY +0.1592, ZZ -0.0611
  高さの差 36559.93、たどり着いた回数   1：22-23 IX +0.5048, IY +0.0522, IZ -0.1359, XI +0.7949, XX +0.1154, XY -0.1922, XZ +0.0630, YI -0.2993, YX -0.1133, YY +0.2363, YZ -0.1372, ZI -0.1052, ZX -0.2629, ZY -0.3964, ZZ -0.0190  142-143 IX -0.1034, IY -0.1709, IZ -0.2567, XI -0.0953, XX -0.0731, XY -0.5954, XZ -0.2239, YI +0.1561, YX -0.2810, YY -0.3859, YZ -0.2056, ZI +0.0220, ZX +0.2422, ZY +0.0494, ZZ -0.4246
書き出し: C:\Users\yoshi\quantum\experiments\a5_trotter_noise\results\s2\real_F4_D1_modes.json、_map_init.npz
