[08:53:34] 出発点 1/30：負の対数事後確率 32405.65（経過 5 秒）
[08:53:43] 出発点 2/30：負の対数事後確率 -479.71（経過 14 秒）
[08:53:54] 出発点 3/30：負の対数事後確率 -479.95（経過 25 秒）
[08:54:17] 出発点 4/30：負の対数事後確率 -480.20（経過 48 秒）
[08:54:41] 出発点 5/30：負の対数事後確率 -479.66（経過 72 秒）
[08:55:02] 出発点 6/30：負の対数事後確率 -479.79（経過 93 秒）
[08:55:22] 出発点 7/30：負の対数事後確率 -479.36（経過 114 秒）
[08:55:33] 出発点 8/30：負の対数事後確率 -479.76（経過 124 秒）
[08:55:49] 出発点 9/30：負の対数事後確率 -479.65（経過 140 秒）
[08:56:14] 出発点 10/30：負の対数事後確率 -479.76（経過 166 秒）
[08:56:39] 出発点 11/30：負の対数事後確率 -480.58（経過 190 秒）
[08:56:56] 出発点 12/30：負の対数事後確率 -479.75（経過 207 秒）
[08:56:59] 出発点 13/30：負の対数事後確率 367095.78（経過 210 秒）
[08:57:11] 出発点 14/30：負の対数事後確率 -479.66（経過 223 秒）
[08:57:33] 出発点 15/30：負の対数事後確率 -480.47（経過 244 秒）
[08:57:43] 出発点 16/30：負の対数事後確率 -479.56（経過 255 秒）
[08:58:02] 出発点 17/30：負の対数事後確率 -479.62（経過 273 秒）
[08:58:15] 出発点 18/30：負の対数事後確率 -479.07（経過 286 秒）
[08:58:37] 出発点 19/30：負の対数事後確率 -479.63（経過 308 秒）
[08:58:56] 出発点 20/30：負の対数事後確率 -479.74（経過 328 秒）
[08:59:07] 出発点 21/30：負の対数事後確率 -480.12（経過 339 秒）
[08:59:32] 出発点 22/30：負の対数事後確率 -479.61（経過 363 秒）
[08:59:46] 出発点 23/30：負の対数事後確率 -479.82（経過 378 秒）
[09:00:13] 出発点 24/30：負の対数事後確率 -480.26（経過 404 秒）
[09:00:40] 出発点 25/30：負の対数事後確率 -479.83（経過 432 秒）
[09:00:50] 出発点 26/30：負の対数事後確率 -479.85（経過 441 秒）
[09:01:12] 出発点 27/30：負の対数事後確率 -479.84（経過 464 秒）
[09:01:29] 出発点 28/30：負の対数事後確率 -480.03（経過 481 秒）
[09:01:32] 出発点 29/30：負の対数事後確率 580882.51（経過 483 秒）
[09:01:55] 出発点 30/30：負の対数事後確率 -479.75（経過 506 秒）
山の数 20（出発点 30 個から）
  高さの差    0.00、たどり着いた回数   2：22-23 IX +0.0002, IZ -0.0522, ZI -0.0057, ZX +0.0067, ZZ +0.0542  142-143 IX +0.0304, IZ +0.0100, ZI -0.0063, ZX -0.0049, ZZ -0.0113
  高さの差    0.32、たどり着いた回数   1：22-23 IX +0.0004, IZ -0.0487, ZI -0.0058, ZX +0.0065, ZZ +0.0507  142-143 IX +0.0306, IZ +0.0230, ZI -0.0068, ZX -0.0051, ZZ -0.0243
  高さの差    0.38、たどり着いた回数   1：22-23 IZ -0.0498, ZI -0.0055, ZX +0.0069, ZZ +0.0518  142-143 IX +0.0304, IZ +0.0139, ZI -0.0063, ZX -0.0050, ZZ -0.0152
  高さの差    0.46、たどり着いた回数   1：22-23 IX +0.0003, IZ -0.0492, ZI -0.0058, ZX +0.0065, ZZ +0.0512  142-143 IX +0.0305, IZ -0.0113, ZI -0.0064, ZX -0.0051, ZZ +0.0100
  高さの差    0.55、たどり着いた回数   1：22-23 IX +0.0003, IZ -0.0483, ZI -0.0058, ZX +0.0065, ZZ +0.0503  142-143 IX +0.0305, IZ -0.0144, ZI -0.0064, ZX -0.0051, ZZ +0.0131
書き出し: C:\Users\yoshi\quantum\experiments\a5_trotter_noise\results\s2\real_F3_D1_modes.json、_map_init.npz
