[15:38:24] 出発点 1/40：負の対数事後確率 -644.58（経過 47 秒）
[15:39:10] 出発点 2/40：負の対数事後確率 -645.39（経過 93 秒）
[15:39:27] 出発点 3/40：負の対数事後確率 -645.49（経過 110 秒）
[15:39:58] 出発点 4/40：負の対数事後確率 -645.17（経過 142 秒）
[15:40:27] 出発点 5/40：負の対数事後確率 -644.75（経過 170 秒）
[15:41:17] 出発点 6/40：負の対数事後確率 -639.63（経過 220 秒）
[15:42:01] 出発点 7/40：負の対数事後確率 -645.38（経過 264 秒）
[15:42:21] 出発点 8/40：負の対数事後確率 -644.67（経過 284 秒）
[15:43:01] 出発点 9/40：負の対数事後確率 -645.51（経過 324 秒）
[15:43:51] 出発点 10/40：負の対数事後確率 -645.35（経過 374 秒）
[15:44:32] 出発点 11/40：負の対数事後確率 -644.74（経過 416 秒）
[15:45:06] 出発点 12/40：負の対数事後確率 -645.51（経過 449 秒）
[15:45:55] 出発点 13/40：負の対数事後確率 -644.72（経過 499 秒）
[15:46:44] 出発点 14/40：負の対数事後確率 -645.56（経過 547 秒）
[15:47:26] 出発点 15/40：負の対数事後確率 -644.69（経過 590 秒）
[15:47:56] 出発点 16/40：負の対数事後確率 -645.55（経過 619 秒）
[15:48:41] 出発点 17/40：負の対数事後確率 -644.78（経過 664 秒）
[15:49:31] 出発点 18/40：負の対数事後確率 -645.20（経過 714 秒）
[15:50:22] 出発点 19/40：負の対数事後確率 -645.46（経過 765 秒）
[15:51:06] 出発点 20/40：負の対数事後確率 -645.56（経過 810 秒）
[15:51:55] 出発点 21/40：負の対数事後確率 -644.49（経過 859 秒）
[15:52:31] 出発点 22/40：負の対数事後確率 -644.76（経過 894 秒）
[15:52:55] 出発点 23/40：負の対数事後確率 -644.61（経過 918 秒）
[15:53:44] 出発点 24/40：負の対数事後確率 -640.62（経過 968 秒）
[15:54:34] 出発点 25/40：負の対数事後確率 -644.66（経過 1017 秒）
[15:55:22] 出発点 26/40：負の対数事後確率 -644.71（経過 1066 秒）
[15:56:12] 出発点 27/40：負の対数事後確率 -644.79（経過 1115 秒）
[15:57:02] 出発点 28/40：負の対数事後確率 -644.72（経過 1165 秒）
[15:57:07] 出発点 29/40：負の対数事後確率 88861.61（経過 1170 秒）
[15:57:49] 出発点 30/40：負の対数事後確率 -644.77（経過 1212 秒）
[15:58:31] 出発点 31/40：負の対数事後確率 -645.51（経過 1254 秒）
[15:59:06] 出発点 32/40：負の対数事後確率 -645.55（経過 1289 秒）
[15:59:47] 出発点 33/40：負の対数事後確率 -644.55（経過 1330 秒）
[16:00:15] 出発点 34/40：負の対数事後確率 -645.44（経過 1358 秒）
[16:01:06] 出発点 35/40：負の対数事後確率 -644.62（経過 1409 秒）
[16:01:55] 出発点 36/40：負の対数事後確率 -643.87（経過 1458 秒）
[16:02:44] 出発点 37/40：負の対数事後確率 -644.69（経過 1507 秒）
[16:03:13] 出発点 38/40：負の対数事後確率 -645.36（経過 1536 秒）
[16:03:33] 出発点 39/40：負の対数事後確率 -645.58（経過 1556 秒）
[16:04:18] 出発点 40/40：負の対数事後確率 -640.90（経過 1602 秒）
山の数 10（出発点 40 個から）
  高さの差    0.00、たどり着いた回数  14：22-23 IX -0.0017, IY -0.0140, IZ -0.0506, ZI -0.0071, ZX +0.0085, ZY +0.0166, ZZ +0.0527  142-143 IX +0.0223, IY -0.0145, IZ +0.0012, ZI -0.0042, ZX +0.0030, ZY +0.0118, ZZ -0.0009
  高さの差    0.12、たどり着いた回数   2：22-23 IX -0.0016, IY -0.0140, IZ -0.0493, ZI -0.0071, ZX +0.0085, ZY +0.0165, ZZ +0.0514  142-143 IX +0.0221, IY -0.0149, IZ +0.0040, ZI -0.0042, ZX +0.0032, ZY +0.0122, ZZ -0.0036
  高さの差    0.20、たどり着いた回数   1：22-23 IX -0.0017, IY -0.0139, IZ -0.0528, ZI -0.0072, ZX +0.0086, ZY +0.0166, ZZ +0.0549  142-143 IX +0.0222, IY -0.0147, IZ +0.0013, ZI -0.0042, ZX +0.0031, ZY +0.0120, ZZ -0.0010
  高さの差    0.79、たどり着いた回数  15：22-23 IX -0.0017, IY -0.0135, IZ +0.0520, ZI -0.0070, ZX +0.0086, ZY +0.0169, ZZ -0.0501  142-143 IX +0.0222, IY -0.0146, IZ +0.0012, ZI -0.0041, ZX +0.0031, ZY +0.0119, ZZ -0.0009
  高さの差    0.86、たどり着いた回数   1：22-23 IX -0.0015, IY -0.0142, IZ -0.0464, ZI -0.0071, ZX +0.0084, ZY +0.0164, ZZ +0.0485  142-143 IX +0.0226, IY -0.0142, IZ -0.0008, ZI -0.0042, ZX +0.0028, ZY +0.0116, ZZ +0.0011
書き出し: C:\Users\yoshi\quantum\experiments\a5_trotter_noise\results\s2\real_F5_D1_w0.02_long_modes.json、_map_init.npz
