[10:02:29] 出発点 1/30：負の対数事後確率 -698.69（経過 34 秒）
[10:03:05] 出発点 2/30：負の対数事後確率 -698.48（経過 70 秒）
[10:03:39] 出発点 3/30：負の対数事後確率 -711.43（経過 104 秒）
[10:04:18] 出発点 4/30：負の対数事後確率 -710.91（経過 143 秒）
[10:04:56] 出発点 5/30：負の対数事後確率 -698.58（経過 181 秒）
[10:05:35] 出発点 6/30：負の対数事後確率 -711.25（経過 220 秒）
[10:06:13] 出発点 7/30：負の対数事後確率 -709.01（経過 258 秒）
[10:06:33] 出発点 8/30：負の対数事後確率 -698.32（経過 278 秒）
[10:07:12] 出発点 9/30：負の対数事後確率 -710.86（経過 317 秒）
[10:07:51] 出発点 10/30：負の対数事後確率 -710.37（経過 356 秒）
[10:08:10] 出発点 11/30：負の対数事後確率 -698.75（経過 375 秒）
[10:08:48] 出発点 12/30：負の対数事後確率 -710.99（経過 413 秒）
[10:09:19] 出発点 13/30：負の対数事後確率 -711.42（経過 444 秒）
[10:09:41] 出発点 14/30：負の対数事後確率 -698.61（経過 466 秒）
[10:10:06] 出発点 15/30：負の対数事後確率 -698.52（経過 491 秒）
[10:10:19] 出発点 16/30：負の対数事後確率 -698.57（経過 504 秒）
[10:10:57] 出発点 17/30：負の対数事後確率 -711.26（経過 542 秒）
[10:11:34] 出発点 18/30：負の対数事後確率 -698.10（経過 579 秒）
[10:12:09] 出発点 19/30：負の対数事後確率 -710.01（経過 614 秒）
[10:12:47] 出発点 20/30：負の対数事後確率 -711.16（経過 652 秒）
[10:13:24] 出発点 21/30：負の対数事後確率 -711.28（経過 689 秒）
[10:14:00] 出発点 22/30：負の対数事後確率 -698.26（経過 725 秒）
[10:14:25] 出発点 23/30：負の対数事後確率 -698.64（経過 750 秒）
[10:14:50] 出発点 24/30：負の対数事後確率 -698.61（経過 775 秒）
[10:15:17] 出発点 25/30：負の対数事後確率 -698.69（経過 802 秒）
[10:15:39] 出発点 26/30：負の対数事後確率 -711.37（経過 824 秒）
[10:16:15] 出発点 27/30：負の対数事後確率 -711.35（経過 860 秒）
[10:16:47] 出発点 28/30：負の対数事後確率 -698.63（経過 892 秒）
[10:16:51] 出発点 29/30：負の対数事後確率 61898.53（経過 896 秒）
[10:17:27] 出発点 30/30：負の対数事後確率 -711.32（経過 932 秒）
山の数 18（出発点 30 個から）
  高さの差    0.00、たどり着いた回数   3：22-23 IX +0.0178, IY +0.0010, IZ -0.0003, ZI -0.0164, ZX -0.0108, ZY -0.0003  142-143 IX +0.0335, IY -0.0005, IZ -0.0214, ZI -0.0106, ZX -0.0034, ZY -0.0007, ZZ +0.0215
  高さの差    0.01、たどり着いた回数   4：22-23 IX +0.0178, IY +0.0009, IZ -0.0015, ZI -0.0165, ZX -0.0107, ZY -0.0003, ZZ +0.0012  142-143 IX +0.0334, IY -0.0011, IZ -0.0251, ZI -0.0109, ZX -0.0033, ZY -0.0004, ZZ +0.0255
  高さの差    0.10、たどり着いた回数   2：22-23 IX +0.0178, IY +0.0008, IZ +0.0012, ZI -0.0165, ZX -0.0107, ZY -0.0003, ZZ -0.0015  142-143 IX +0.0334, IY -0.0013, IZ -0.0260, ZI -0.0109, ZX -0.0033, ZY -0.0004, ZZ +0.0264
  高さの差    0.18、たどり着いた回数   2：22-23 IX +0.0177, IY +0.0007, IZ -0.0040, ZI -0.0165, ZX -0.0107, ZY -0.0003, ZZ +0.0037  142-143 IX +0.0333, IY -0.0015, IZ -0.0272, ZI -0.0110, ZX -0.0032, ZY -0.0002, ZZ +0.0276
  高さの差    0.44、たどり着いた回数   1：22-23 IX +0.0178, IY +0.0007, IZ -0.0024, ZI -0.0165, ZX -0.0107, ZY -0.0003, ZZ +0.0022  142-143 IX +0.0334, IY -0.0008, IZ -0.0226, ZI -0.0107, ZX -0.0033, ZY -0.0006, ZZ +0.0228
書き出し: C:\Users\yoshi\quantum\experiments\a5_trotter_noise\results\s2\synthetic_F5_D1_modes.json、_map_init.npz
