[07:07:24] 出発点 1/30：負の対数事後確率 -678.14（経過 25 秒）
[07:07:37] 出発点 2/30：負の対数事後確率 -677.61（経過 38 秒）
[07:07:54] 出発点 3/30：負の対数事後確率 -695.70（経過 55 秒）
[07:08:25] 出発点 4/30：負の対数事後確率 -678.13（経過 86 秒）
[07:08:42] 出発点 5/30：負の対数事後確率 -678.10（経過 102 秒）
[07:09:02] 出発点 6/30：負の対数事後確率 -678.05（経過 122 秒）
[07:09:24] 出発点 7/30：負の対数事後確率 -678.19（経過 144 秒）
[07:09:41] 出発点 8/30：負の対数事後確率 -678.19（経過 161 秒）
[07:09:44] 出発点 9/30：負の対数事後確率 69353.50（経過 165 秒）
[07:09:54] 出発点 10/30：負の対数事後確率 -678.17（経過 174 秒）
[07:10:15] 出発点 11/30：負の対数事後確率 -695.67（経過 196 秒）
[07:10:30] 出発点 12/30：負の対数事後確率 -678.15（経過 210 秒）
[07:10:42] 出発点 13/30：負の対数事後確率 -678.07（経過 222 秒）
[07:10:57] 出発点 14/30：負の対数事後確率 -677.78（経過 238 秒）
[07:11:10] 出発点 15/30：負の対数事後確率 -695.74（経過 251 秒）
[07:11:20] 出発点 16/30：負の対数事後確率 -695.76（経過 261 秒）
[07:11:37] 出発点 17/30：負の対数事後確率 -678.18（経過 277 秒）
[07:11:59] 出発点 18/30：負の対数事後確率 -678.16（経過 299 秒）
[07:12:03] 出発点 19/30：負の対数事後確率 56085.39（経過 304 秒）
[07:12:27] 出発点 20/30：負の対数事後確率 -678.12（経過 327 秒）
[07:12:48] 出発点 21/30：負の対数事後確率 -677.78（経過 349 秒）
[07:12:57] 出発点 22/30：負の対数事後確率 -678.18（経過 357 秒）
[07:13:16] 出発点 23/30：負の対数事後確率 -678.15（経過 376 秒）
[07:13:28] 出発点 24/30：負の対数事後確率 -678.19（経過 389 秒）
[07:13:36] 出発点 25/30：負の対数事後確率 50513.43（経過 397 秒）
[07:14:01] 出発点 26/30：負の対数事後確率 -678.13（経過 422 秒）
[07:14:20] 出発点 27/30：負の対数事後確率 -678.16（経過 440 秒）
[07:14:28] 出発点 28/30：負の対数事後確率 -695.72（経過 449 秒）
[07:14:35] 出発点 29/30：負の対数事後確率 -695.76（経過 456 秒）
[07:14:50] 出発点 30/30：負の対数事後確率 -678.19（経過 471 秒）
山の数 5（出発点 30 個から）
  高さの差    0.00、たどり着いた回数   6：22-23 IX +0.0177, ZI -0.0167, ZX -0.0106  142-143 IX +0.0335, ZI -0.0104, ZX -0.0033
  高さの差   17.57、たどり着いた回数  21：22-23 IX +0.0176, ZI -0.0167, ZX -0.0106  142-143 IX +0.0205, ZI +0.0013, ZX +0.0097
  高さの差 51209.19、たどり着いた回数   1：22-23 IX +0.0252, ZI +0.0250, ZX -0.0185  142-143 IX +0.0194, ZI +0.0018, ZX +0.0109
  高さの差 56781.15、たどり着いた回数   1：22-23 IX -0.1617, ZI -0.1432, ZX +0.0327  142-143 IX +0.0267, ZI +0.0173, ZX +0.0038
  高さの差 70049.26、たどり着いた回数   1：22-23 IX -0.1452, ZI -0.1001, ZX -0.0982  142-143 IX +0.1248, ZI +0.0044, ZX +0.0312
書き出し: C:\Users\yoshi\quantum\experiments\a5_trotter_noise\results\s2\synthetic_F2_D1_modes.json、_map_init.npz
