[10:45:32] 出発点 1/30：負の対数事後確率 -770.11（経過 26 秒）
[10:46:01] 出発点 2/30：負の対数事後確率 -771.15（経過 55 秒）
[10:46:21] 出発点 3/30：負の対数事後確率 -770.73（経過 75 秒）
[10:47:02] 出発点 4/30：負の対数事後確率 -786.66（経過 115 秒）
[10:47:12] 出発点 5/30：負の対数事後確率 -771.01（経過 125 秒）
[10:47:46] 出発点 6/30：負の対数事後確率 -784.70（経過 160 秒）
[10:48:09] 出発点 7/30：負の対数事後確率 -770.97（経過 183 秒）
[10:48:29] 出発点 8/30：負の対数事後確率 4106.82（経過 203 秒）
[10:49:00] 出発点 9/30：負の対数事後確率 -770.94（経過 234 秒）
[10:49:11] 出発点 10/30：負の対数事後確率 -804.17（経過 244 秒）
[10:49:51] 出発点 11/30：負の対数事後確率 -787.33（経過 285 秒）
[10:50:04] 出発点 12/30：負の対数事後確率 -771.32（経過 298 秒）
[10:50:17] 出発点 13/30：負の対数事後確率 -816.41（経過 311 秒）
[10:50:43] 出発点 14/30：負の対数事後確率 -791.04（経過 337 秒）
[10:50:57] 出発点 15/30：負の対数事後確率 -770.45（経過 351 秒）
[10:51:11] 出発点 16/30：負の対数事後確率 1160.47（経過 365 秒）
[10:51:36] 出発点 17/30：負の対数事後確率 -803.39（経過 390 秒）
[10:51:54] 出発点 18/30：負の対数事後確率 -800.01（経過 408 秒）
[10:52:09] 出発点 19/30：負の対数事後確率 -807.98（経過 423 秒）
[10:52:49] 出発点 20/30：負の対数事後確率 -809.28（経過 463 秒）
[10:53:15] 出発点 21/30：負の対数事後確率 -770.65（経過 489 秒）
[10:53:26] 出発点 22/30：負の対数事後確率 -37.82（経過 500 秒）
[10:53:51] 出発点 23/30：負の対数事後確率 -798.65（経過 525 秒）
[10:54:02] 出発点 24/30：負の対数事後確率 804.16（経過 536 秒）
[10:54:12] 出発点 25/30：負の対数事後確率 -771.15（経過 546 秒）
[10:54:34] 出発点 26/30：負の対数事後確率 -770.76（経過 568 秒）
[10:55:14] 出発点 27/30：負の対数事後確率 -779.54（経過 608 秒）
[10:55:30] 出発点 28/30：負の対数事後確率 -113.62（経過 624 秒）
[10:55:34] 出発点 29/30：負の対数事後確率 52519.32（経過 628 秒）
[10:55:48] 出発点 30/30：負の対数事後確率 -778.63（経過 642 秒）
山の数 9（出発点 30 個から）
  高さの差    0.00、たどり着いた回数  19：22-23 IX +0.0180, IY +0.0019, IZ -0.0004, ZI -0.0166, ZX -0.0113, ZY -0.0003  142-143 IX +0.0329, IY -0.0014, IZ +0.0007, ZI -0.0115, ZX -0.0030, ZY -0.0002, ZZ -0.0003
  高さの差    8.43、たどり着いた回数   1：22-23 IX +0.0181, IY -0.0003, IZ +0.0008, ZI -0.0165, ZX -0.0111, ZY +0.0016, ZZ -0.0009  142-143 IX +0.0329, IY +0.0027, IZ -0.0022, ZI -0.0072, ZX -0.0030, ZY +0.0025, ZZ -0.0020
  高さの差   12.24、たどり着いた回数   3：22-23 IX +0.0178, IY +0.0016, IZ -0.0003, ZI -0.0168, ZX -0.0110, ZY -0.0008  142-143 IX +0.0326, IY +0.0009, IZ -0.0008, ZI -0.0098, ZX -0.0029, ZY +0.0020, ZZ -0.0021
  高さの差   16.40、たどり着いた回数   1：22-23 IX +0.0180, IY +0.0015, IZ +0.0001, ZI -0.0160, ZX -0.0111, ZY +0.0018, ZZ -0.0009  142-143 IX +0.0326, IY -0.0013, IZ +0.0009, ZI -0.0117, ZX -0.0031, ZY +0.0005, ZZ -0.0010
  高さの差   17.76、たどり着いた回数   1：22-23 IX +0.0180, IY +0.0017, IZ -0.0006, ZI -0.0168, ZX -0.0111, ZY -0.0014, ZZ +0.0004  142-143 IX +0.0324, IY +0.0031, IZ -0.0026, ZI -0.0095, ZX -0.0032, ZY +0.0007, ZZ -0.0006
書き出し: C:\Users\yoshi\quantum\experiments\a5_trotter_noise\results\s2\synthetic_F5_D1_c1_modes.json、_map_init.npz
