[19:25:59] 出発点 1/30：負の対数事後確率 -784.73（経過 15 秒）
[19:26:21] 出発点 2/30：負の対数事後確率 -784.85（経過 37 秒）
[19:26:42] 出発点 3/30：負の対数事後確率 -784.43（経過 58 秒）
[19:26:58] 出発点 4/30：負の対数事後確率 -784.74（経過 74 秒）
[19:27:13] 出発点 5/30：負の対数事後確率 -784.83（経過 89 秒）
[19:27:34] 出発点 6/30：負の対数事後確率 -784.74（経過 110 秒）
[19:27:53] 出発点 7/30：負の対数事後確率 -784.72（経過 129 秒）
[19:28:11] 出発点 8/30：負の対数事後確率 -784.82（経過 147 秒）
[19:28:47] 出発点 9/30：負の対数事後確率 -784.83（経過 183 秒）
[19:29:07] 出発点 10/30：負の対数事後確率 -784.83（経過 203 秒）
[19:29:39] 出発点 11/30：負の対数事後確率 -784.71（経過 235 秒）
[19:29:51] 出発点 12/30：負の対数事後確率 -784.82（経過 247 秒）
[19:30:04] 出発点 13/30：負の対数事後確率 -784.69（経過 260 秒）
[19:30:22] 出発点 14/30：負の対数事後確率 -784.46（経過 278 秒）
[19:30:40] 出発点 15/30：負の対数事後確率 -784.71（経過 296 秒）
[19:30:54] 出発点 16/30：負の対数事後確率 -784.83（経過 311 秒）
[19:31:16] 出発点 17/30：負の対数事後確率 -784.80（経過 332 秒）
[19:31:32] 出発点 18/30：負の対数事後確率 -784.81（経過 348 秒）
[19:31:50] 出発点 19/30：負の対数事後確率 -784.83（経過 366 秒）
[19:32:06] 出発点 20/30：負の対数事後確率 -784.77（経過 382 秒）
[19:32:14] 出発点 21/30：負の対数事後確率 -784.79（経過 390 秒）
[19:32:30] 出発点 22/30：負の対数事後確率 -784.84（経過 407 秒）
[19:32:54] 出発点 23/30：負の対数事後確率 -784.81（経過 430 秒）
[19:33:17] 出発点 24/30：負の対数事後確率 -784.46（経過 454 秒）
[19:33:31] 出発点 25/30：負の対数事後確率 -784.84（経過 467 秒）
[19:34:05] 出発点 26/30：負の対数事後確率 -784.77（経過 501 秒）
[19:34:21] 出発点 27/30：負の対数事後確率 -784.84（経過 517 秒）
[19:34:38] 出発点 28/30：負の対数事後確率 -784.71（経過 534 秒）
[19:34:42] 出発点 29/30：負の対数事後確率 52158.80（経過 539 秒）
[19:34:59] 出発点 30/30：負の対数事後確率 -784.84（経過 555 秒）
山の数 2（出発点 30 個から）
  高さの差    0.00、たどり着いた回数  29：22-23 IX +0.0179, IY +0.0012, IZ -0.0004, ZI -0.0165, ZX -0.0112, ZY +0.0003  142-143 IX +0.0330, IY -0.0003, IZ +0.0004, ZI -0.0111, ZX -0.0032, ZY -0.0007, ZZ +0.0003
  高さの差 52943.64、たどり着いた回数   1：22-23 IX +0.1298, IY -0.0411, IZ -0.0449, ZI -0.0264, ZX -0.0341, ZY -0.0191, ZZ -0.0508  142-143 IX +0.0265, IZ +0.0095, ZI +0.0086, ZX +0.0018, ZY -0.0008, ZZ +0.0063
書き出し: C:\Users\yoshi\quantum\experiments\a5_trotter_noise\results\s2\synthetic_F5_D1_c1_seed2_modes.json、_map_init.npz
