[20:00:44] 出発点 1/30：負の対数事後確率 -766.03（経過 18 秒）
[20:00:57] 出発点 2/30：負の対数事後確率 -766.14（経過 31 秒）
[20:01:27] 出発点 3/30：負の対数事後確率 -766.13（経過 61 秒）
[20:01:50] 出発点 4/30：負の対数事後確率 -765.86（経過 84 秒）
[20:02:01] 出発点 5/30：負の対数事後確率 -766.13（経過 95 秒）
[20:02:32] 出発点 6/30：負の対数事後確率 -766.12（経過 126 秒）
[20:02:50] 出発点 7/30：負の対数事後確率 -765.90（経過 144 秒）
[20:03:05] 出発点 8/30：負の対数事後確率 -766.13（経過 159 秒）
[20:03:38] 出発点 9/30：負の対数事後確率 -766.06（経過 192 秒）
[20:03:46] 出発点 10/30：負の対数事後確率 -766.14（経過 200 秒）
[20:04:06] 出発点 11/30：負の対数事後確率 -766.14（経過 220 秒）
[20:04:24] 出発点 12/30：負の対数事後確率 -766.13（経過 238 秒）
[20:05:02] 出発点 13/30：負の対数事後確率 -806.08（経過 275 秒）
[20:05:19] 出発点 14/30：負の対数事後確率 -766.14（経過 293 秒）
[20:05:33] 出発点 15/30：負の対数事後確率 -766.11（経過 307 秒）
[20:05:52] 出発点 16/30：負の対数事後確率 -765.64（経過 326 秒）
[20:06:10] 出発点 17/30：負の対数事後確率 -766.14（経過 344 秒）
[20:06:23] 出発点 18/30：負の対数事後確率 -766.11（経過 357 秒）
[20:06:33] 出発点 19/30：負の対数事後確率 -766.12（経過 367 秒）
[20:06:47] 出発点 20/30：負の対数事後確率 -766.13（経過 381 秒）
[20:07:09] 出発点 21/30：負の対数事後確率 -766.13（経過 403 秒）
[20:07:21] 出発点 22/30：負の対数事後確率 -766.14（経過 415 秒）
[20:07:43] 出発点 23/30：負の対数事後確率 -766.06（経過 437 秒）
[20:07:59] 出発点 24/30：負の対数事後確率 -765.69（経過 453 秒）
[20:08:23] 出発点 25/30：負の対数事後確率 -774.43（経過 477 秒）
[20:08:52] 出発点 26/30：負の対数事後確率 -766.11（経過 506 秒）
[20:09:08] 出発点 27/30：負の対数事後確率 -765.90（経過 522 秒）
[20:09:19] 出発点 28/30：負の対数事後確率 -766.05（経過 532 秒）
[20:09:24] 出発点 29/30：負の対数事後確率 231840.94（経過 538 秒）
[20:09:48] 出発点 30/30：負の対数事後確率 -766.10（経過 562 秒）
山の数 4（出発点 30 個から）
  高さの差    0.00、たどり着いた回数   1：22-23 IX +0.0183, IY -0.0006, IZ +0.0010, ZI -0.0172, ZX -0.0110, ZY +0.0012, ZZ -0.0006  142-143 IX +0.0333, IY +0.0031, IZ -0.0033, ZI -0.0098, ZX -0.0028, ZY -0.0027, ZZ +0.0026
  高さの差   31.66、たどり着いた回数   1：22-23 IX +0.0179, IY -0.0004, IZ +0.0008, ZI -0.0172, ZX -0.0109, ZY +0.0011, ZZ -0.0006  142-143 IX +0.0332, IY -0.0019, IZ +0.0007, ZI -0.0130, ZX -0.0034, ZY -0.0027, ZZ +0.0019
  高さの差   39.95、たどり着いた回数  27：22-23 IX +0.0180, IY +0.0003, IZ +0.0003, ZI -0.0170, ZX -0.0110, ZY +0.0005, ZZ -0.0001  142-143 IX +0.0333, IY -0.0006, IZ +0.0002, ZI -0.0105, ZX -0.0031, ZY -0.0002, ZZ +0.0003
  高さの差 232647.02、たどり着いた回数   1：22-23 IX +0.1285, IY +0.0484, IZ -0.0591, ZI -0.0177, ZX -0.0339, ZY +0.0128, ZZ -0.0354  142-143 IX +0.0293, IY -0.0073, IZ +0.0038, ZI -0.0058, ZX -0.0036, ZY -0.0119, ZZ +0.0118
書き出し: C:\Users\yoshi\quantum\experiments\a5_trotter_noise\results\s2\synthetic_F5_D1_c1_seed1long_modes.json、_map_init.npz
