[13:54:04] 出発点 1/30：負の対数事後確率 -766.03（経過 16 秒）
[13:54:15] 出発点 2/30：負の対数事後確率 -766.14（経過 28 秒）
[13:54:42] 出発点 3/30：負の対数事後確率 -766.13（経過 55 秒）
[13:55:02] 出発点 4/30：負の対数事後確率 -765.86（経過 75 秒）
[13:55:12] 出発点 5/30：負の対数事後確率 -766.13（経過 85 秒）
[13:55:40] 出発点 6/30：負の対数事後確率 -766.12（経過 113 秒）
[13:55:56] 出発点 7/30：負の対数事後確率 -765.90（経過 129 秒）
[13:56:10] 出発点 8/30：負の対数事後確率 -766.13（経過 142 秒）
[13:56:39] 出発点 9/30：負の対数事後確率 -766.06（経過 172 秒）
[13:56:47] 出発点 10/30：負の対数事後確率 -766.14（経過 179 秒）
[13:57:05] 出発点 11/30：負の対数事後確率 -766.14（経過 197 秒）
[13:57:20] 出発点 12/30：負の対数事後確率 -766.13（経過 213 秒）
[13:57:54] 出発点 13/30：負の対数事後確率 -806.08（経過 246 秒）
[13:58:09] 出発点 14/30：負の対数事後確率 -766.14（経過 262 秒）
[13:58:21] 出発点 15/30：負の対数事後確率 -766.11（経過 274 秒）
[13:58:39] 出発点 16/30：負の対数事後確率 -765.64（経過 291 秒）
[13:58:54] 出発点 17/30：負の対数事後確率 -766.14（経過 307 秒）
[13:59:06] 出発点 18/30：負の対数事後確率 -766.11（経過 319 秒）
[13:59:15] 出発点 19/30：負の対数事後確率 -766.12（経過 328 秒）
[13:59:27] 出発点 20/30：負の対数事後確率 -766.13（経過 340 秒）
[13:59:47] 出発点 21/30：負の対数事後確率 -766.13（経過 360 秒）
[13:59:58] 出発点 22/30：負の対数事後確率 -766.14（経過 370 秒）
[14:00:17] 出発点 23/30：負の対数事後確率 -766.06（経過 390 秒）
[14:00:32] 出発点 24/30：負の対数事後確率 -765.69（経過 404 秒）
[14:00:52] 出発点 25/30：負の対数事後確率 -774.43（経過 425 秒）
[14:01:17] 出発点 26/30：負の対数事後確率 -766.11（経過 450 秒）
[14:01:31] 出発点 27/30：負の対数事後確率 -765.90（経過 464 秒）
[14:01:41] 出発点 28/30：負の対数事後確率 -766.05（経過 473 秒）
[14:01:46] 出発点 29/30：負の対数事後確率 231840.94（経過 478 秒）
[14:02:06] 出発点 30/30：負の対数事後確率 -766.10（経過 498 秒）
山の数 4（出発点 30 個から）
  高さの差    0.00、たどり着いた回数   1：22-23 IX +0.0183, IY -0.0006, IZ +0.0010, ZI -0.0172, ZX -0.0110, ZY +0.0012, ZZ -0.0006  142-143 IX +0.0333, IY +0.0031, IZ -0.0033, ZI -0.0098, ZX -0.0028, ZY -0.0027, ZZ +0.0026
  高さの差   31.66、たどり着いた回数   1：22-23 IX +0.0179, IY -0.0004, IZ +0.0008, ZI -0.0172, ZX -0.0109, ZY +0.0011, ZZ -0.0006  142-143 IX +0.0332, IY -0.0019, IZ +0.0007, ZI -0.0130, ZX -0.0034, ZY -0.0027, ZZ +0.0019
  高さの差   39.95、たどり着いた回数  27：22-23 IX +0.0180, IY +0.0003, IZ +0.0003, ZI -0.0170, ZX -0.0110, ZY +0.0005, ZZ -0.0001  142-143 IX +0.0333, IY -0.0006, IZ +0.0002, ZI -0.0105, ZX -0.0031, ZY -0.0002, ZZ +0.0003
  高さの差 232647.02、たどり着いた回数   1：22-23 IX +0.1285, IY +0.0484, IZ -0.0591, ZI -0.0177, ZX -0.0339, ZY +0.0128, ZZ -0.0354  142-143 IX +0.0293, IY -0.0073, IZ +0.0038, ZI -0.0058, ZX -0.0036, ZY -0.0119, ZZ +0.0118
書き出し: C:\Users\yoshi\quantum\experiments\a5_trotter_noise\results\s2\synthetic_F5_D1_c1_seed1_modes.json、_map_init.npz
